Archive member included to satisfy reference by file (symbol)

/home/ngocdien110302/Ai-Thinker-LoRaWAN-Ra-08/drivers/crypto/lib/libcrypto.a(aes.o)
                              out/cmac.o (aes_init)
/usr/lib/gcc/arm-none-eabi/10.3.1/thumb/v7e-m/nofp/libgcc.a(_arm_muldf3.o)
                              out/printf-stdarg.o (__aeabi_dmul)
/usr/lib/gcc/arm-none-eabi/10.3.1/thumb/v7e-m/nofp/libgcc.a(_arm_addsubdf3.o)
                              out/printf-stdarg.o (__aeabi_dsub)
/usr/lib/gcc/arm-none-eabi/10.3.1/thumb/v7e-m/nofp/libgcc.a(_arm_muldivdf3.o)
                              out/printf-stdarg.o (__aeabi_ddiv)
/usr/lib/gcc/arm-none-eabi/10.3.1/thumb/v7e-m/nofp/libgcc.a(_arm_cmpdf2.o)
                              out/printf-stdarg.o (__aeabi_dcmpeq)
/usr/lib/gcc/arm-none-eabi/10.3.1/thumb/v7e-m/nofp/libgcc.a(_arm_fixdfsi.o)
                              out/printf-stdarg.o (__aeabi_d2iz)
/usr/lib/gcc/arm-none-eabi/10.3.1/thumb/v7e-m/nofp/libgcc.a(_arm_fixunsdfsi.o)
                              out/printf-stdarg.o (__aeabi_d2uiz)
/usr/lib/gcc/arm-none-eabi/10.3.1/thumb/v7e-m/nofp/libgcc.a(_aeabi_uldivmod.o)
                              out/printf-stdarg.o (__aeabi_uldivmod)
/usr/lib/gcc/arm-none-eabi/10.3.1/thumb/v7e-m/nofp/libgcc.a(_fixunsdfdi.o)
                              out/rtc-board.o (__aeabi_d2ulz)
/usr/lib/gcc/arm-none-eabi/10.3.1/thumb/v7e-m/nofp/libgcc.a(_udivmoddi4.o)
                              /usr/lib/gcc/arm-none-eabi/10.3.1/thumb/v7e-m/nofp/libgcc.a(_aeabi_uldivmod.o) (__udivmoddi4)
/usr/lib/gcc/arm-none-eabi/10.3.1/thumb/v7e-m/nofp/libgcc.a(_dvmd_tls.o)
                              /usr/lib/gcc/arm-none-eabi/10.3.1/thumb/v7e-m/nofp/libgcc.a(_aeabi_uldivmod.o) (__aeabi_ldiv0)
/usr/lib/gcc/arm-none-eabi/10.3.1/../../../arm-none-eabi/lib/thumb/v7e-m/nofp/libc.a(lib_a-atexit.o)
                              /usr/lib/gcc/arm-none-eabi/10.3.1/../../../arm-none-eabi/lib/thumb/v7e-m/nofp/crt0.o (atexit)
/usr/lib/gcc/arm-none-eabi/10.3.1/../../../arm-none-eabi/lib/thumb/v7e-m/nofp/libc.a(lib_a-exit.o)
                              /usr/lib/gcc/arm-none-eabi/10.3.1/../../../arm-none-eabi/lib/thumb/v7e-m/nofp/crt0.o (exit)
/usr/lib/gcc/arm-none-eabi/10.3.1/../../../arm-none-eabi/lib/thumb/v7e-m/nofp/libc.a(lib_a-fini.o)
                              /usr/lib/gcc/arm-none-eabi/10.3.1/../../../arm-none-eabi/lib/thumb/v7e-m/nofp/crt0.o (__libc_fini_array)
/usr/lib/gcc/arm-none-eabi/10.3.1/../../../arm-none-eabi/lib/thumb/v7e-m/nofp/libc.a(lib_a-impure.o)
                              /usr/lib/gcc/arm-none-eabi/10.3.1/../../../arm-none-eabi/lib/thumb/v7e-m/nofp/libc.a(lib_a-exit.o) (_global_impure_ptr)
/usr/lib/gcc/arm-none-eabi/10.3.1/../../../arm-none-eabi/lib/thumb/v7e-m/nofp/libc.a(lib_a-init.o)
                              /usr/lib/gcc/arm-none-eabi/10.3.1/../../../arm-none-eabi/lib/thumb/v7e-m/nofp/crt0.o (__libc_init_array)
/usr/lib/gcc/arm-none-eabi/10.3.1/../../../arm-none-eabi/lib/thumb/v7e-m/nofp/libc.a(lib_a-memcpy.o)
                              out/tremo_flash.o (memcpy)
/usr/lib/gcc/arm-none-eabi/10.3.1/../../../arm-none-eabi/lib/thumb/v7e-m/nofp/libc.a(lib_a-memset.o)
                              /usr/lib/gcc/arm-none-eabi/10.3.1/../../../arm-none-eabi/lib/thumb/v7e-m/nofp/crt0.o (memset)
/usr/lib/gcc/arm-none-eabi/10.3.1/../../../arm-none-eabi/lib/thumb/v7e-m/nofp/libc.a(lib_a-__atexit.o)
                              /usr/lib/gcc/arm-none-eabi/10.3.1/../../../arm-none-eabi/lib/thumb/v7e-m/nofp/libc.a(lib_a-atexit.o) (__register_exitproc)
/usr/lib/gcc/arm-none-eabi/10.3.1/../../../arm-none-eabi/lib/thumb/v7e-m/nofp/libc.a(lib_a-__call_atexit.o)
                              /usr/lib/gcc/arm-none-eabi/10.3.1/../../../arm-none-eabi/lib/thumb/v7e-m/nofp/libc.a(lib_a-exit.o) (__call_exitprocs)
/usr/lib/gcc/arm-none-eabi/10.3.1/../../../arm-none-eabi/lib/thumb/v7e-m/nofp/libm.a(lib_a-s_ceil.o)
                              out/radio.o (ceil)
/usr/lib/gcc/arm-none-eabi/10.3.1/../../../arm-none-eabi/lib/thumb/v7e-m/nofp/libm.a(lib_a-s_floor.o)
                              out/radio.o (floor)
/usr/lib/gcc/arm-none-eabi/10.3.1/../../../arm-none-eabi/lib/thumb/v7e-m/nofp/libm.a(lib_a-s_rint.o)
                              out/radio.o (rint)
/usr/lib/gcc/arm-none-eabi/10.3.1/../../../arm-none-eabi/lib/thumb/v7e-m/nofp/libm.a(lib_a-s_round.o)
                              out/rtc-board.o (round)

Discarded input sections

 .text          0x0000000000000000        0x0 /usr/lib/gcc/arm-none-eabi/10.3.1/thumb/v7e-m/nofp/crti.o
 .data          0x0000000000000000        0x0 /usr/lib/gcc/arm-none-eabi/10.3.1/thumb/v7e-m/nofp/crti.o
 .bss           0x0000000000000000        0x0 /usr/lib/gcc/arm-none-eabi/10.3.1/thumb/v7e-m/nofp/crti.o
 .data          0x0000000000000000        0x4 /usr/lib/gcc/arm-none-eabi/10.3.1/thumb/v7e-m/nofp/crtbegin.o
 .rodata        0x0000000000000000       0x24 /usr/lib/gcc/arm-none-eabi/10.3.1/thumb/v7e-m/nofp/crtbegin.o
[...]
Memory Configuration

Name             Origin             Length             Attributes
FLASH            0x0000000008000000 0x0000000000020000 xr
RAM              0x0000000020000000 0x0000000000004000 xrw
*default*        0x0000000000000000 0xffffffffffffffff

Linker script and memory map

LOAD /usr/lib/gcc/arm-none-eabi/10.3.1/thumb/v7e-m/nofp/crti.o
LOAD /usr/lib/gcc/arm-none-eabi/10.3.1/thumb/v7e-m/nofp/crtbegin.o
LOAD /usr/lib/gcc/arm-none-eabi/10.3.1/../../../arm-none-eabi/lib/thumb/v7e-m/nofp/crt0.o
LOAD out/classA.o
LOAD out/main.o
LOAD out/tremo_it.o
LOAD out/printf-stdarg.o
LOAD out/system_cm4.o
LOAD out/tremo_adc.o
LOAD out/tremo_bstimer.o
LOAD out/tremo_crc.o
LOAD out/tremo_dac.o
LOAD out/tremo_delay.o
LOAD out/tremo_dma.o
LOAD out/tremo_flash.o
LOAD out/tremo_gpio.o
LOAD out/tremo_i2c.o
LOAD out/tremo_i2s.o
LOAD out/tremo_iwdg.o
LOAD out/tremo_lcd.o
LOAD out/tremo_lptimer.o
LOAD out/tremo_lpuart.o
LOAD out/tremo_pwr.o
LOAD out/tremo_rcc.o
LOAD out/tremo_rtc.o
LOAD out/tremo_spi.o
LOAD out/tremo_system.o
LOAD out/tremo_timer.o
LOAD out/tremo_uart.o
LOAD out/tremo_wdg.o
LOAD out/delay.o
LOAD out/timer.o
LOAD out/cmac.o
LOAD out/radio.o
LOAD out/sx126x.o
LOAD out/rtc-board.o
LOAD out/sx1262-board.o
LOAD out/utilities.o
LOAD out/LoRaMac.o
LOAD out/LoRaMacClassB.o
LOAD out/LoRaMacConfirmQueue.o
LOAD out/LoRaMacCrypto.o
LOAD out/Region.o
LOAD out/RegionCommon.o
LOAD out/RegionAS923.o
LOAD out/startup_cm4.o
LOAD /home/ngocdien110302/Ai-Thinker-LoRaWAN-Ra-08/drivers/crypto/lib/libcrypto.a
START GROUP
LOAD /usr/lib/gcc/arm-none-eabi/10.3.1/thumb/v7e-m/nofp/libgcc.a
LOAD /usr/lib/gcc/arm-none-eabi/10.3.1/../../../arm-none-eabi/lib/thumb/v7e-m/nofp/libc.a
END GROUP
LOAD /usr/lib/gcc/arm-none-eabi/10.3.1/thumb/v7e-m/nofp/crtend.o
LOAD /usr/lib/gcc/arm-none-eabi/10.3.1/thumb/v7e-m/nofp/crtn.o
                0x0000000020004000                _estack = 0x20004000
                0x0000000000000000                _HEAP_SIZE = 0x0
                0x0000000000001000                _STACK_SIZE = 0x1000

.isr_vector     0x0000000008000000       0xd4
                0x0000000008000000                . = ALIGN (0x4)
 *(.isr_vector)
 .isr_vector    0x0000000008000000       0xd4 out/startup_cm4.o
                0x0000000008000000                g_pfnVectors
                0x00000000080000d4                . = ALIGN (0x4)

.text           0x00000000080000d8     0x9644
                0x00000000080000d8                . = ALIGN (0x4)
 *(.text)
 .text          0x00000000080000d8       0x88 /usr/lib/gcc/arm-none-eabi/10.3.1/thumb/v7e-m/nofp/crtbegin.o
 .text          0x0000000008000160      0x1ec /home/ngocdien110302/Ai-Thinker-LoRaWAN-Ra-08/drivers/crypto/lib/libcrypto.a(aes.o)
                0x0000000008000160                aes_init
                0x0000000008000270                aes_crypto
                0x0000000008000314                aes_close
 .text          0x000000000800034c      0x378 /usr/lib/gcc/arm-none-eabi/10.3.1/thumb/v7e-m/nofp/libgcc.a(_arm_addsubdf3.o)
                0x000000000800034c                __aeabi_drsub
                0x0000000008000354                __aeabi_dsub
                0x0000000008000354                __subdf3
                0x0000000008000358                __adddf3
                0x0000000008000358                __aeabi_dadd
                0x00000000080005d0                __aeabi_ui2d
                0x00000000080005d0                __floatunsidf
                0x00000000080005f0                __floatsidf
                0x00000000080005f0                __aeabi_i2d
                0x0000000008000614                __extendsfdf2
                0x0000000008000614                __aeabi_f2d
                0x0000000008000658                __aeabi_ul2d
                0x0000000008000658                __floatundidf
                0x0000000008000668                __floatdidf
                0x0000000008000668                __aeabi_l2d
 .text          0x00000000080006c4      0x424 /usr/lib/gcc/arm-none-eabi/10.3.1/thumb/v7e-m/nofp/libgcc.a(_arm_muldivdf3.o)
                0x00000000080006c4                __aeabi_dmul
                0x00000000080006c4                __muldf3
                0x0000000008000918                __aeabi_ddiv
                0x0000000008000918                __divdf3
 .text          0x0000000008000ae8      0x110 /usr/lib/gcc/arm-none-eabi/10.3.1/thumb/v7e-m/nofp/libgcc.a(_arm_cmpdf2.o)
                0x0000000008000ae8                __gtdf2
                0x0000000008000ae8                __gedf2
                0x0000000008000af0                __ltdf2
                0x0000000008000af0                __ledf2
                0x0000000008000af8                __cmpdf2
                0x0000000008000af8                __eqdf2
                0x0000000008000af8                __nedf2
                0x0000000008000b74                __aeabi_cdrcmple
                0x0000000008000b84                __aeabi_cdcmple
                0x0000000008000b84                __aeabi_cdcmpeq
                0x0000000008000b94                __aeabi_dcmpeq
                0x0000000008000ba8                __aeabi_dcmplt
                0x0000000008000bbc                __aeabi_dcmple
                0x0000000008000bd0                __aeabi_dcmpge
                0x0000000008000be4                __aeabi_dcmpgt
 .text          0x0000000008000bf8       0x50 /usr/lib/gcc/arm-none-eabi/10.3.1/thumb/v7e-m/nofp/libgcc.a(_arm_fixdfsi.o)
                0x0000000008000bf8                __fixdfsi
                0x0000000008000bf8                __aeabi_d2iz
 .text          0x0000000008000c48       0x40 /usr/lib/gcc/arm-none-eabi/10.3.1/thumb/v7e-m/nofp/libgcc.a(_arm_fixunsdfsi.o)
                0x0000000008000c48                __fixunsdfsi
                0x0000000008000c48                __aeabi_d2uiz
 .text          0x0000000008000c88       0x30 /usr/lib/gcc/arm-none-eabi/10.3.1/thumb/v7e-m/nofp/libgcc.a(_aeabi_uldivmod.o)
                0x0000000008000c88                __aeabi_uldivmod
 .text          0x0000000008000cb8       0x3c /usr/lib/gcc/arm-none-eabi/10.3.1/thumb/v7e-m/nofp/libgcc.a(_fixunsdfdi.o)
                0x0000000008000cb8                __aeabi_d2ulz
                0x0000000008000cb8                __fixunsdfdi
 .text          0x0000000008000cf4      0x2d0 /usr/lib/gcc/arm-none-eabi/10.3.1/thumb/v7e-m/nofp/libgcc.a(_udivmoddi4.o)
                0x0000000008000cf4                __udivmoddi4
 .text          0x0000000008000fc4        0x4 /usr/lib/gcc/arm-none-eabi/10.3.1/thumb/v7e-m/nofp/libgcc.a(_dvmd_tls.o)
                0x0000000008000fc4                __aeabi_ldiv0
                0x0000000008000fc4                __aeabi_idiv0
 .text          0x0000000008000fc8        0xc /usr/lib/gcc/arm-none-eabi/10.3.1/../../../arm-none-eabi/lib/thumb/v7e-m/nofp/libc.a(lib_a-atexit.o)
                0x0000000008000fc8                atexit
 .text          0x0000000008000fd4       0x2c /usr/lib/gcc/arm-none-eabi/10.3.1/../../../arm-none-eabi/lib/thumb/v7e-m/nofp/libc.a(lib_a-fini.o)
                0x0000000008000fd4                __libc_fini_array
 .text          0x0000000008001000       0x48 /usr/lib/gcc/arm-none-eabi/10.3.1/../../../arm-none-eabi/lib/thumb/v7e-m/nofp/libc.a(lib_a-init.o)
                0x0000000008001000                __libc_init_array
 .text          0x0000000008001048      0x134 /usr/lib/gcc/arm-none-eabi/10.3.1/../../../arm-none-eabi/lib/thumb/v7e-m/nofp/libc.a(lib_a-memcpy.o)
                0x0000000008001048                memcpy
 .text          0x000000000800117c       0xa4 /usr/lib/gcc/arm-none-eabi/10.3.1/../../../arm-none-eabi/lib/thumb/v7e-m/nofp/libc.a(lib_a-memset.o)
                0x000000000800117c                memset
 .text          0x0000000008001220       0x68 /usr/lib/gcc/arm-none-eabi/10.3.1/../../../arm-none-eabi/lib/thumb/v7e-m/nofp/libc.a(lib_a-__atexit.o)
                0x0000000008001220                __register_exitproc
 .text          0x0000000008001288       0xf8 /usr/lib/gcc/arm-none-eabi/10.3.1/../../../arm-none-eabi/lib/thumb/v7e-m/nofp/libm.a(lib_a-s_ceil.o)
                0x0000000008001288                ceil
 .text          0x0000000008001380       0xf8 /usr/lib/gcc/arm-none-eabi/10.3.1/../../../arm-none-eabi/lib/thumb/v7e-m/nofp/libm.a(lib_a-s_floor.o)
                0x0000000008001380                floor
 .text          0x0000000008001478      0x138 /usr/lib/gcc/arm-none-eabi/10.3.1/../../../arm-none-eabi/lib/thumb/v7e-m/nofp/libm.a(lib_a-s_rint.o)
                0x0000000008001478                rint
 .text          0x00000000080015b0       0x94 /usr/lib/gcc/arm-none-eabi/10.3.1/../../../arm-none-eabi/lib/thumb/v7e-m/nofp/libm.a(lib_a-s_round.o)
                0x00000000080015b0                round
 *(.text*)
 .text.BoardGetBatteryLevel
                0x0000000008001644        0x4 out/classA.o
                0x0000000008001644                BoardGetBatteryLevel
 .text.SendFrame
                0x0000000008001648       0x58 out/classA.o
 .text.OnTxNextPacketTimerEvent
                0x00000000080016a0       0x64 out/classA.o
 .text.MlmeIndication
                0x0000000008001704       0x3c out/classA.o
 .text.MlmeConfirm
                0x0000000008001740       0x60 out/classA.o
 .text.McpsConfirm
                0x00000000080017a0       0x20 out/classA.o
 .text.dht11_init
                0x00000000080017c0       0x20 out/classA.o
                0x00000000080017c0                dht11_init
 .text.dht11_start_signal
                0x00000000080017e0       0x38 out/classA.o
                0x00000000080017e0                dht11_start_signal
 .text.dht11_check_response
                0x0000000008001818       0x38 out/classA.o
                0x0000000008001818                dht11_check_response
 .text.dht11_read_byte
                0x0000000008001850       0x44 out/classA.o
                0x0000000008001850                dht11_read_byte
 .text.dht11_read_data
                0x0000000008001894       0x58 out/classA.o
                0x0000000008001894                dht11_read_data
 .text.McpsIndication
                0x00000000080018ec      0x160 out/classA.o
 .text.PrepareTxFrame
                0x0000000008001a4c       0x7c out/classA.o
                0x0000000008001a4c                PrepareTxFrame
 .text.app_start
                0x0000000008001ac8      0x1e0 out/classA.o
                0x0000000008001ac8                app_start
 .text.uart_log_init
                0x0000000008001ca8       0x40 out/main.o
                0x0000000008001ca8                uart_log_init
 .text.board_init
                0x0000000008001ce8       0x6a out/main.o
                0x0000000008001ce8                board_init
 .text.startup.main
                0x0000000008001d52        0xe out/main.o
                0x0000000008001d52                main
 .text.NMI_Handler
                0x0000000008001d60        0x2 out/tremo_it.o
                0x0000000008001d60                NMI_Handler
 .text.HardFault_Handler
                0x0000000008001d62        0x2 out/tremo_it.o
                0x0000000008001d62                HardFault_Handler
 .text.MemManage_Handler
                0x0000000008001d64        0x2 out/tremo_it.o
                0x0000000008001d64                MemManage_Handler
 .text.BusFault_Handler
                0x0000000008001d66        0x2 out/tremo_it.o
                0x0000000008001d66                BusFault_Handler
 .text.UsageFault_Handler
                0x0000000008001d68        0x2 out/tremo_it.o
                0x0000000008001d68                UsageFault_Handler
 .text.SVC_Handler
                0x0000000008001d6a        0x2 out/tremo_it.o
                0x0000000008001d6a                SVC_Handler
 .text.PendSV_Handler
                0x0000000008001d6c        0x2 out/tremo_it.o
                0x0000000008001d6c                PendSV_Handler
 .text.SysTick_Handler
                0x0000000008001d6e        0x2 out/tremo_it.o
                0x0000000008001d6e                SysTick_Handler
 .text.PWR_IRQHandler
                0x0000000008001d70        0x2 out/tremo_it.o
                0x0000000008001d70                PWR_IRQHandler
 .text.LORA_IRQHandler
                0x0000000008001d72        0x4 out/tremo_it.o
                0x0000000008001d72                LORA_IRQHandler
 .text.RTC_IRQHandler
                0x0000000008001d76        0x4 out/tremo_it.o
                0x0000000008001d76                RTC_IRQHandler
 .text._out_null
                0x0000000008001d7a        0x2 out/printf-stdarg.o
 .text._out_rev
                0x0000000008001d7c       0x86 out/printf-stdarg.o
 .text._ntoa_format
                0x0000000008001e02      0x10a out/printf-stdarg.o
 .text._ntoa_long
                0x0000000008001f0c       0x84 out/printf-stdarg.o
 .text._ntoa_long_long
                0x0000000008001f90       0xb6 out/printf-stdarg.o
 *fill*         0x0000000008002046        0x2 
 .text._etoa    0x0000000008002048      0x394 out/printf-stdarg.o
 *fill*         0x00000000080023dc        0x4 
 .text._ftoa    0x00000000080023e0      0x358 out/printf-stdarg.o
 .text._out_char
                0x0000000008002738       0x10 out/printf-stdarg.o
 .text._vsnprintf
                0x0000000008002748      0x548 out/printf-stdarg.o
 .text.__wrap_printf
                0x0000000008002c90       0x28 out/printf-stdarg.o
                0x0000000008002c90                __wrap_printf
 .text.nvic_init
                0x0000000008002cb8       0x24 out/system_cm4.o
                0x0000000008002cb8                nvic_init
 .text.system_init
                0x0000000008002cdc       0x44 out/system_cm4.o
                0x0000000008002cdc                system_init
 .text.delay_init
                0x0000000008002d20       0x48 out/tremo_delay.o
                0x0000000008002d20                delay_init
 .text.delay_us
                0x0000000008002d68       0x30 out/tremo_delay.o
                0x0000000008002d68                delay_us
 .text.delay_ms
                0x0000000008002d98        0xa out/tremo_delay.o
                0x0000000008002d98                delay_ms
 *fill*         0x0000000008002da2        0x2 
 .text.gpio_init
                0x0000000008002da4      0x124 out/tremo_gpio.o
                0x0000000008002da4                gpio_init
 .text.gpio_write
                0x0000000008002ec8       0xb4 out/tremo_gpio.o
                0x0000000008002ec8                gpio_write
 .text.gpio_read
                0x0000000008002f7c       0x12 out/tremo_gpio.o
                0x0000000008002f7c                gpio_read
 .text.gpio_read_output
                0x0000000008002f8e       0x12 out/tremo_gpio.o
                0x0000000008002f8e                gpio_read_output
 .text.gpio_toggle
                0x0000000008002fa0        0xe out/tremo_gpio.o
                0x0000000008002fa0                gpio_toggle
 *fill*         0x0000000008002fae        0x2 
 .text.gpio_set_iomux
                0x0000000008002fb0       0x44 out/tremo_gpio.o
                0x0000000008002fb0                gpio_set_iomux
 .text.deepsleep
                0x0000000008002ff4       0xc0 out/tremo_pwr.o
                0x0000000008002ff4                deepsleep
 .text.pwr_deepsleep_wfi
                0x00000000080030b4        0x6 out/tremo_pwr.o
                0x00000000080030b4                pwr_deepsleep_wfi
 *fill*         0x00000000080030ba        0x2 
 .text.pwr_xo32k_lpm_cmd
                0x00000000080030bc       0x18 out/tremo_pwr.o
                0x00000000080030bc                pwr_xo32k_lpm_cmd
 .text.rcc_get_clk_freq
                0x00000000080030d4       0x9c out/tremo_rcc.o
                0x00000000080030d4                rcc_get_clk_freq
 .text.rcc_get_uart0_clk_source
                0x0000000008003170        0xc out/tremo_rcc.o
                0x0000000008003170                rcc_get_uart0_clk_source
 .text.rcc_get_uart1_clk_source
                0x000000000800317c        0xc out/tremo_rcc.o
                0x000000000800317c                rcc_get_uart1_clk_source
 .text.rcc_get_uart2_clk_source
                0x0000000008003188        0xc out/tremo_rcc.o
                0x0000000008003188                rcc_get_uart2_clk_source
 .text.rcc_get_uart3_clk_source
                0x0000000008003194        0xc out/tremo_rcc.o
                0x0000000008003194                rcc_get_uart3_clk_source
 .text.rcc_get_rtc_clk_source
                0x00000000080031a0        0xc out/tremo_rcc.o
                0x00000000080031a0                rcc_get_rtc_clk_source
 .text.rcc_enable_peripheral_clk
                0x00000000080031ac      0x4b4 out/tremo_rcc.o
                0x00000000080031ac                rcc_enable_peripheral_clk
 .text.rcc_enable_oscillator
                0x0000000008003660       0xfc out/tremo_rcc.o
                0x0000000008003660                rcc_enable_oscillator
 .text.rcc_rst_peripheral
                0x000000000800375c       0x4a out/tremo_rcc.o
                0x000000000800375c                rcc_rst_peripheral
 .text.rtc_deinit
                0x00000000080037a6       0x1e out/tremo_rtc.o
                0x00000000080037a6                rtc_deinit
 .text.rtc_check_syn
                0x00000000080037c4       0x14 out/tremo_rtc.o
                0x00000000080037c4                rtc_check_syn
 .text.rtc_calendar_cmd
                0x00000000080037d8       0x20 out/tremo_rtc.o
                0x00000000080037d8                rtc_calendar_cmd
 .text.rtc_cyc_cmd
                0x00000000080037f8       0x20 out/tremo_rtc.o
                0x00000000080037f8                rtc_cyc_cmd
 .text.rtc_config_cyc_wakeup
                0x0000000008003818       0x24 out/tremo_rtc.o
                0x0000000008003818                rtc_config_cyc_wakeup
 .text.rtc_get_calendar
                0x000000000800383c       0xdc out/tremo_rtc.o
                0x000000000800383c                rtc_get_calendar
 .text.rtc_set_status
                0x0000000008003918       0x30 out/tremo_rtc.o
                0x0000000008003918                rtc_set_status
 .text.rtc_get_status
                0x0000000008003948       0x38 out/tremo_rtc.o
                0x0000000008003948                rtc_get_status
 .text.rtc_config_interrupt
                0x0000000008003980       0x38 out/tremo_rtc.o
                0x0000000008003980                rtc_config_interrupt
 .text.rtc_config_cyc_max
                0x00000000080039b8       0x14 out/tremo_rtc.o
                0x00000000080039b8                rtc_config_cyc_max
 .text.uart_send_data
                0x00000000080039cc        0xa out/tremo_uart.o
                0x00000000080039cc                uart_send_data
 .text.uart_config_init
                0x00000000080039d6       0x16 out/tremo_uart.o
                0x00000000080039d6                uart_config_init
 .text.uart_cmd
                0x00000000080039ec       0x12 out/tremo_uart.o
                0x00000000080039ec                uart_cmd
 *fill*         0x00000000080039fe        0x2 
 .text.uart_init
                0x0000000008003a00      0x140 out/tremo_uart.o
                0x0000000008003a00                uart_init
 .text.DelayMs  0x0000000008003b40        0x4 out/delay.o
                0x0000000008003b40                DelayMs
 .text.TimeStampsUpdate
                0x0000000008003b44       0x2c out/timer.o
 .text.TimerInsertNewHeadTimer
                0x0000000008003b70       0x1c out/timer.o
 .text.TimerSetSysTime
                0x0000000008003b8c       0x30 out/timer.o
                0x0000000008003b8c                TimerSetSysTime
 .text.TimerInit
                0x0000000008003bbc        0xe out/timer.o
                0x0000000008003bbc                TimerInit
 *fill*         0x0000000008003bca        0x2 
 .text.TimerStart
                0x0000000008003bcc       0x78 out/timer.o
                0x0000000008003bcc                TimerStart
 .text.TimerIrqHandler
                0x0000000008003c44       0x68 out/timer.o
                0x0000000008003c44                TimerIrqHandler
 .text.TimerStop
                0x0000000008003cac       0x60 out/timer.o
                0x0000000008003cac                TimerStop
 .text.TimerSetValue
                0x0000000008003d0c       0x10 out/timer.o
                0x0000000008003d0c                TimerSetValue
 .text.TimerGetCurrentTime
                0x0000000008003d1c       0x18 out/timer.o
                0x0000000008003d1c                TimerGetCurrentTime
 .text.TimerGetSysTime
                0x0000000008003d34       0x2c out/timer.o
                0x0000000008003d34                TimerGetSysTime
 .text.TimerGetElapsedTime
                0x0000000008003d60       0x12 out/timer.o
                0x0000000008003d60                TimerGetElapsedTime
 *fill*         0x0000000008003d72        0x2 
 .text.TimerLowPowerHandler
                0x0000000008003d74       0x20 out/timer.o
                0x0000000008003d74                TimerLowPowerHandler
 .text.AES_CMAC_Init
                0x0000000008003d94       0x14 out/cmac.o
                0x0000000008003d94                AES_CMAC_Init
 .text.AES_CMAC_SetKey
                0x0000000008003da8        0xc out/cmac.o
                0x0000000008003da8                AES_CMAC_SetKey
 .text.AES_CMAC_Update
                0x0000000008003db4       0xb0 out/cmac.o
                0x0000000008003db4                AES_CMAC_Update
 .text.AES_CMAC_Final
                0x0000000008003e64      0x168 out/cmac.o
                0x0000000008003e64                AES_CMAC_Final
 .text.RadioCheckRfFrequency
                0x0000000008003fcc        0x4 out/radio.o
                0x0000000008003fcc                RadioCheckRfFrequency
 .text.RadioOnTxTimeoutIrq
                0x0000000008003fd0       0x14 out/radio.o
                0x0000000008003fd0                RadioOnTxTimeoutIrq
 .text.RadioOnRxTimeoutIrq
                0x0000000008003fe4       0x14 out/radio.o
                0x0000000008003fe4                RadioOnRxTimeoutIrq
 .text.RadioStandby
                0x0000000008003ff8        0x6 out/radio.o
                0x0000000008003ff8                RadioStandby
 *fill*         0x0000000008003ffe        0x2 
 .text.RadioInit
                0x0000000008004000       0x6c out/radio.o
                0x0000000008004000                RadioInit
 .text.RadioGetStatus
                0x000000000800406c       0x18 out/radio.o
                0x000000000800406c                RadioGetStatus
 .text.RadioSetChannel
                0x0000000008004084        0x4 out/radio.o
                0x0000000008004084                RadioSetChannel
 .text.RadioRssi
                0x0000000008004088        0xa out/radio.o
                0x0000000008004088                RadioRssi
 .text.RadioRead
                0x0000000008004092        0x4 out/radio.o
                0x0000000008004092                RadioRead
 .text.RadioWrite
                0x0000000008004096        0x4 out/radio.o
                0x0000000008004096                RadioWrite
 *fill*         0x000000000800409a        0x2 
 .text.RadioSend
                0x000000000800409c       0x58 out/radio.o
                0x000000000800409c                RadioSend
 .text.RadioSleep
                0x00000000080040f4       0x14 out/radio.o
                0x00000000080040f4                RadioSleep
 .text.RadioSetRxDutyCycle
                0x0000000008004108        0x4 out/radio.o
                0x0000000008004108                RadioSetRxDutyCycle
 .text.RadioStartCad
                0x000000000800410c       0x6c out/radio.o
                0x000000000800410c                RadioStartCad
 .text.RadioSetTxContinuousWave
                0x0000000008004178       0x4c out/radio.o
                0x0000000008004178                RadioSetTxContinuousWave
 .text.RadioWriteBuffer
                0x00000000080041c4        0x4 out/radio.o
                0x00000000080041c4                RadioWriteBuffer
 .text.RadioReadBuffer
                0x00000000080041c8        0x4 out/radio.o
                0x00000000080041c8                RadioReadBuffer
 .text.RadioGetWakeupTime
                0x00000000080041cc        0xa out/radio.o
                0x00000000080041cc                RadioGetWakeupTime
 *fill*         0x00000000080041d6        0x2 
 .text.RadioOnCadTimeoutIrq
                0x00000000080041d8       0x20 out/radio.o
                0x00000000080041d8                RadioOnCadTimeoutIrq
 .text.RadioGetFskBandwidthRegValue
                0x00000000080041f8       0x34 out/radio.o
 .text.RadioSetMaxPayloadLength
                0x000000000800422c       0x30 out/radio.o
                0x000000000800422c                RadioSetMaxPayloadLength
 .text.RadioRx  0x000000000800425c       0x48 out/radio.o
                0x000000000800425c                RadioRx
 .text.RadioRxBoosted
                0x00000000080042a4       0x44 out/radio.o
                0x00000000080042a4                RadioRxBoosted
 .text.RadioIrqProcess
                0x00000000080042e8      0x178 out/radio.o
                0x00000000080042e8                RadioIrqProcess
 .text.RadioSetPublicNetwork
                0x0000000008004460       0x40 out/radio.o
                0x0000000008004460                RadioSetPublicNetwork
 .text.RadioSetModem.part.0
                0x00000000080044a0       0x28 out/radio.o
 .text.RadioSetModem
                0x00000000080044c8       0x24 out/radio.o
                0x00000000080044c8                RadioSetModem
 .text.RadioIsChannelFree
                0x00000000080044ec       0x4c out/radio.o
                0x00000000080044ec                RadioIsChannelFree
 .text.RadioRandom
                0x0000000008004538       0x3c out/radio.o
                0x0000000008004538                RadioRandom
 .text.RadioSymbTime
                0x0000000008004574       0x2c out/radio.o
                0x0000000008004574                RadioSymbTime
 .text.RadioSetRxConfig
                0x00000000080045a0      0x228 out/radio.o
                0x00000000080045a0                RadioSetRxConfig
 .text.RadioSetTxConfig
                0x00000000080047c8      0x1ac out/radio.o
                0x00000000080047c8                RadioSetTxConfig
 *fill*         0x0000000008004974        0x4 
 .text.RadioTimeOnAir
                0x0000000008004978      0x198 out/radio.o
                0x0000000008004978                RadioTimeOnAir
 .text.RadioOnDioIrq
                0x0000000008004b10       0x24 out/radio.o
                0x0000000008004b10                RadioOnDioIrq
 .text.SX126xGetOperatingMode
                0x0000000008004b34        0xc out/sx126x.o
                0x0000000008004b34                SX126xGetOperatingMode
 .text.SX126xSetOperatingMode
                0x0000000008004b40        0xc out/sx126x.o
                0x0000000008004b40                SX126xSetOperatingMode
 .text.SX126xCheckDeviceReady
                0x0000000008004b4c       0x38 out/sx126x.o
                0x0000000008004b4c                SX126xCheckDeviceReady
 .text.SX126xSetPayload
                0x0000000008004b84        0xa out/sx126x.o
                0x0000000008004b84                SX126xSetPayload
 .text.SX126xSetSyncWord
                0x0000000008004b8e       0x12 out/sx126x.o
                0x0000000008004b8e                SX126xSetSyncWord
 .text.SX126xSetCrcSeed
                0x0000000008004ba0       0x28 out/sx126x.o
                0x0000000008004ba0                SX126xSetCrcSeed
 .text.SX126xSetCrcPolynomial
                0x0000000008004bc8       0x28 out/sx126x.o
                0x0000000008004bc8                SX126xSetCrcPolynomial
 .text.SX126xSetWhiteningSeed
                0x0000000008004bf0       0x38 out/sx126x.o
                0x0000000008004bf0                SX126xSetWhiteningSeed
 .text.SX126xSetSleep
                0x0000000008004c28       0x24 out/sx126x.o
                0x0000000008004c28                SX126xSetSleep
 .text.SX126xSetStandby
                0x0000000008004c4c       0x2c out/sx126x.o
                0x0000000008004c4c                SX126xSetStandby
 .text.SX126xSetTx
                0x0000000008004c78       0x2c out/sx126x.o
                0x0000000008004c78                SX126xSetTx
 .text.SX126xSendPayload
                0x0000000008004ca4       0x12 out/sx126x.o
                0x0000000008004ca4                SX126xSendPayload
 *fill*         0x0000000008004cb6        0x2 
 .text.SX126xSetRx
                0x0000000008004cb8       0x2c out/sx126x.o
                0x0000000008004cb8                SX126xSetRx
 .text.SX126xSetRxBoosted
                0x0000000008004ce4       0x38 out/sx126x.o
                0x0000000008004ce4                SX126xSetRxBoosted
 .text.SX126xSetRxDutyCycle
                0x0000000008004d1c       0x3c out/sx126x.o
                0x0000000008004d1c                SX126xSetRxDutyCycle
 .text.SX126xSetCad
                0x0000000008004d58       0x18 out/sx126x.o
                0x0000000008004d58                SX126xSetCad
 .text.SX126xSetTxContinuousWave
                0x0000000008004d70        0xa out/sx126x.o
                0x0000000008004d70                SX126xSetTxContinuousWave
 .text.SX126xSetStopRxTimerOnPreambleDetect
                0x0000000008004d7a       0x18 out/sx126x.o
                0x0000000008004d7a                SX126xSetStopRxTimerOnPreambleDetect
 .text.SX126xSetLoRaSymbNumTimeout
                0x0000000008004d92       0x18 out/sx126x.o
                0x0000000008004d92                SX126xSetLoRaSymbNumTimeout
 .text.SX126xSetRegulatorMode
                0x0000000008004daa       0x18 out/sx126x.o
                0x0000000008004daa                SX126xSetRegulatorMode
 *fill*         0x0000000008004dc2        0x2 
 .text.SX126xCalibrateImage
                0x0000000008004dc4       0x78 out/sx126x.o
                0x0000000008004dc4                SX126xCalibrateImage
 .text.SX126xSetPaConfig
                0x0000000008004e3c       0x24 out/sx126x.o
                0x0000000008004e3c                SX126xSetPaConfig
 .text.SX126xSetDioIrqParams
                0x0000000008004e60       0x38 out/sx126x.o
                0x0000000008004e60                SX126xSetDioIrqParams
 .text.SX126xGetIrqStatus
                0x0000000008004e98       0x1a out/sx126x.o
                0x0000000008004e98                SX126xGetIrqStatus
 .text.SX126xSetDio2AsRfSwitchCtrl
                0x0000000008004eb2       0x18 out/sx126x.o
                0x0000000008004eb2                SX126xSetDio2AsRfSwitchCtrl
 *fill*         0x0000000008004eca        0x2 
 .text.SX126xInit
                0x0000000008004ecc       0x28 out/sx126x.o
                0x0000000008004ecc                SX126xInit
 *fill*         0x0000000008004ef4        0x4 
 .text.SX126xSetRfFrequency
                0x0000000008004ef8       0x5c out/sx126x.o
                0x0000000008004ef8                SX126xSetRfFrequency
 .text.SX126xSetPacketType
                0x0000000008004f54       0x20 out/sx126x.o
                0x0000000008004f54                SX126xSetPacketType
 .text.SX126xGetPacketType
                0x0000000008004f74        0xc out/sx126x.o
                0x0000000008004f74                SX126xGetPacketType
 .text.SX126xSetTxParams
                0x0000000008004f80       0xbc out/sx126x.o
                0x0000000008004f80                SX126xSetTxParams
 *fill*         0x000000000800503c        0x4 
 .text.SX126xSetModulationParams
                0x0000000008005040       0xcc out/sx126x.o
                0x0000000008005040                SX126xSetModulationParams
 .text.SX126xSetPacketParams
                0x000000000800510c       0xcc out/sx126x.o
                0x000000000800510c                SX126xSetPacketParams
 .text.SX126xSetCadParams
                0x00000000080051d8       0x3c out/sx126x.o
                0x00000000080051d8                SX126xSetCadParams
 .text.SX126xSetBufferBaseAddress
                0x0000000008005214       0x1a out/sx126x.o
                0x0000000008005214                SX126xSetBufferBaseAddress
 .text.SX126xGetRssiInst
                0x000000000800522e       0x1a out/sx126x.o
                0x000000000800522e                SX126xGetRssiInst
 .text.SX126xGetRxBufferStatus
                0x0000000008005248       0x48 out/sx126x.o
                0x0000000008005248                SX126xGetRxBufferStatus
 .text.SX126xGetPayload
                0x0000000008005290       0x32 out/sx126x.o
                0x0000000008005290                SX126xGetPayload
 *fill*         0x00000000080052c2        0x2 
 .text.SX126xGetPacketStatus
                0x00000000080052c4       0x80 out/sx126x.o
                0x00000000080052c4                SX126xGetPacketStatus
 .text.SX126xClearIrqStatus
                0x0000000008005344       0x1c out/sx126x.o
                0x0000000008005344                SX126xClearIrqStatus
 .text.RtcInit  0x0000000008005360       0x30 out/rtc-board.o
                0x0000000008005360                RtcInit
 .text.RtcSetTimeout
                0x0000000008005390       0x8c out/rtc-board.o
                0x0000000008005390                RtcSetTimeout
 .text.RtcStopTimeout
                0x000000000800541c       0x14 out/rtc-board.o
                0x000000000800541c                RtcStopTimeout
 .text.RtcGetTimerContext
                0x0000000008005430        0xc out/rtc-board.o
                0x0000000008005430                RtcGetTimerContext
 .text.RtcGetTimerValue
                0x000000000800543c      0x10c out/rtc-board.o
                0x000000000800543c                RtcGetTimerValue
 .text.RtcSetTimerContext
                0x0000000008005548       0x18 out/rtc-board.o
                0x0000000008005548                RtcSetTimerContext
 .text.RtcGetElapsedTime
                0x0000000008005560       0x18 out/rtc-board.o
                0x0000000008005560                RtcGetElapsedTime
 .text.RtcEnterLowPowerStopMode
                0x0000000008005578       0x20 out/rtc-board.o
                0x0000000008005578                RtcEnterLowPowerStopMode
 .text.RtcOnIrq
                0x0000000008005598       0x32 out/rtc-board.o
                0x0000000008005598                RtcOnIrq
 .text.BoardDisableIrq
                0x00000000080055ca        0x4 out/sx1262-board.o
                0x00000000080055ca                BoardDisableIrq
 .text.BoardEnableIrq
                0x00000000080055ce        0x4 out/sx1262-board.o
                0x00000000080055ce                BoardEnableIrq
 *fill*         0x00000000080055d2        0x2 
 .text.SpiInOut
                0x00000000080055d4       0x18 out/sx1262-board.o
                0x00000000080055d4                SpiInOut
 .text.SX126xLoracInit
                0x00000000080055ec       0x5c out/sx1262-board.o
                0x00000000080055ec                SX126xLoracInit
 .text.SX126xGetBoardTcxoWakeupTime
                0x0000000008005648        0x4 out/sx1262-board.o
                0x0000000008005648                SX126xGetBoardTcxoWakeupTime
 .text.SX126xReset
                0x000000000800564c       0x54 out/sx1262-board.o
                0x000000000800564c                SX126xReset
 .text.SX126xWaitOnBusy
                0x00000000080056a0       0x18 out/sx1262-board.o
                0x00000000080056a0                SX126xWaitOnBusy
 .text.SX126xWakeup
                0x00000000080056b8       0x30 out/sx1262-board.o
                0x00000000080056b8                SX126xWakeup
 .text.SX126xWriteCommand
                0x00000000080056e8       0x44 out/sx1262-board.o
                0x00000000080056e8                SX126xWriteCommand
 .text.SX126xReadCommand
                0x000000000800572c       0x48 out/sx1262-board.o
                0x000000000800572c                SX126xReadCommand
 .text.SX126xWriteRegisters
                0x0000000008005774       0x48 out/sx1262-board.o
                0x0000000008005774                SX126xWriteRegisters
 .text.SX126xWriteRegister
                0x00000000080057bc       0x16 out/sx1262-board.o
                0x00000000080057bc                SX126xWriteRegister
 *fill*         0x00000000080057d2        0x2 
 .text.SX126xReadRegisters
                0x00000000080057d4       0x50 out/sx1262-board.o
                0x00000000080057d4                SX126xReadRegisters
 .text.SX126xReadRegister
                0x0000000008005824       0x16 out/sx1262-board.o
                0x0000000008005824                SX126xReadRegister
 *fill*         0x000000000800583a        0x2 
 .text.SX126xWriteBuffer
                0x000000000800583c       0x44 out/sx1262-board.o
                0x000000000800583c                SX126xWriteBuffer
 .text.SX126xReadBuffer
                0x0000000008005880       0x4c out/sx1262-board.o
                0x0000000008005880                SX126xReadBuffer
 .text.SX126xSetRfTxPower
                0x00000000080058cc        0x6 out/sx1262-board.o
                0x00000000080058cc                SX126xSetRfTxPower
 .text.SX126xGetPaSelect
                0x00000000080058d2        0x4 out/sx1262-board.o
                0x00000000080058d2                SX126xGetPaSelect
 *fill*         0x00000000080058d6        0x2 
 .text.SX126xAntSwOn
                0x00000000080058d8       0x10 out/sx1262-board.o
                0x00000000080058d8                SX126xAntSwOn
 .text.SX126xAntSwOff
                0x00000000080058e8       0x10 out/sx1262-board.o
                0x00000000080058e8                SX126xAntSwOff
 .text.rand1    0x00000000080058f8       0x28 out/utilities.o
                0x00000000080058f8                rand1
 .text.srand1   0x0000000008005920        0xc out/utilities.o
                0x0000000008005920                srand1
 .text.randr    0x000000000800592c       0x1a out/utilities.o
                0x000000000800592c                randr
 .text.memcpy1  0x0000000008005946       0x14 out/utilities.o
                0x0000000008005946                memcpy1
 .text.memcpyr  0x000000000800595a       0x14 out/utilities.o
                0x000000000800595a                memcpyr
 .text.memset1  0x000000000800596e        0x4 out/utilities.o
                0x000000000800596e                memset1
 *fill*         0x0000000008005972        0x2 
 .text.SetMlmeScheduleUplinkIndication
                0x0000000008005974       0x14 out/LoRaMac.o
 .text.AddMacCommand
                0x0000000008005988      0x17c out/LoRaMac.o
 .text.ResetMacParameters
                0x0000000008005b04       0x90 out/LoRaMac.o
 .text.ValidatePayloadLength
                0x0000000008005b94       0x54 out/LoRaMac.o
 .text.OnAckTimeoutTimerEvent
                0x0000000008005be8       0x3c out/LoRaMac.o
 .text.PrepareRxDoneAbort
                0x0000000008005c24       0x54 out/LoRaMac.o
 .text.ProcessMacCommands
                0x0000000008005c78      0x484 out/LoRaMac.o
 .text.OnRadioRxDone
                0x00000000080060fc      0x570 out/LoRaMac.o
 .text.RxWindowSetup
                0x000000000800666c       0x14 out/LoRaMac.o
 .text.OnRxWindow2TimerEvent
                0x0000000008006680       0x70 out/LoRaMac.o
 .text.OpenContinuousRx2Window
                0x00000000080066f0       0x14 out/LoRaMac.o
 .text.OnRadioRxTimeout
                0x0000000008006704       0xd4 out/LoRaMac.o
 .text.OnRadioTxTimeout
                0x00000000080067d8       0x34 out/LoRaMac.o
 .text.OnRadioRxError
                0x000000000800680c       0xd4 out/LoRaMac.o
 .text.OnRadioTxDone
                0x00000000080068e0      0x124 out/LoRaMac.o
 .text.OnRxWindow1TimerEvent
                0x0000000008006a04       0x70 out/LoRaMac.o
 .text.PrepareFrame
                0x0000000008006a74      0x374 out/LoRaMac.o
                0x0000000008006a74                PrepareFrame
 .text.SendFrameOnChannel
                0x0000000008006de8      0x118 out/LoRaMac.o
                0x0000000008006de8                SendFrameOnChannel
 .text.ScheduleTx
                0x0000000008006f00      0x19c out/LoRaMac.o
 .text.Send     0x000000000800709c       0x50 out/LoRaMac.o
                0x000000000800709c                Send
 .text.OnTxDelayedTimerEvent
                0x00000000080070ec       0x70 out/LoRaMac.o
 .text.OnMacStateCheckTimerEvent
                0x000000000800715c      0x320 out/LoRaMac.o
 .text.SetTxContinuousWave
                0x000000000800747c       0x60 out/LoRaMac.o
                0x000000000800747c                SetTxContinuousWave
 .text.SetTxContinuousWave1
                0x00000000080074dc       0x40 out/LoRaMac.o
                0x00000000080074dc                SetTxContinuousWave1
 .text.LoRaMacInitialization
                0x000000000800751c      0x314 out/LoRaMac.o
                0x000000000800751c                LoRaMacInitialization
 .text.LoRaMacQueryTxPossible
                0x0000000008007830       0xcc out/LoRaMac.o
                0x0000000008007830                LoRaMacQueryTxPossible
 .text.LoRaMacMibGetRequestConfirm
                0x00000000080078fc      0x168 out/LoRaMac.o
                0x00000000080078fc                LoRaMacMibGetRequestConfirm
 .text.LoRaMacMulticastChannelLink
                0x0000000008007a64       0x40 out/LoRaMac.o
                0x0000000008007a64                LoRaMacMulticastChannelLink
 .text.LoRaMacMulticastChannelUnlink
                0x0000000008007aa4       0x44 out/LoRaMac.o
                0x0000000008007aa4                LoRaMacMulticastChannelUnlink
 .text.LoRaMacMibSetRequestConfirm
                0x0000000008007ae8      0x354 out/LoRaMac.o
                0x0000000008007ae8                LoRaMacMibSetRequestConfirm
 .text.LoRaMacMlmeRequest
                0x0000000008007e3c      0x21c out/LoRaMac.o
                0x0000000008007e3c                LoRaMacMlmeRequest
 .text.LoRaMacMcpsRequest
                0x0000000008008058      0x120 out/LoRaMac.o
                0x0000000008008058                LoRaMacMcpsRequest
 .text.LoRaMacClassBInit
                0x0000000008008178        0x2 out/LoRaMacClassB.o
                0x0000000008008178                LoRaMacClassBInit
 .text.LoRaMacClassBSetBeaconState
                0x000000000800817a        0x2 out/LoRaMacClassB.o
                0x000000000800817a                LoRaMacClassBSetBeaconState
 .text.LoRaMacClassBSetPingSlotState
                0x000000000800817c        0x2 out/LoRaMacClassB.o
                0x000000000800817c                LoRaMacClassBSetPingSlotState
 .text.LoRaMacClassBSetMulticastSlotState
                0x000000000800817e        0x2 out/LoRaMacClassB.o
                0x000000000800817e                LoRaMacClassBSetMulticastSlotState
 .text.LoRaMacClassBIsAcquisitionInProgress
                0x0000000008008180        0x4 out/LoRaMacClassB.o
                0x0000000008008180                LoRaMacClassBIsAcquisitionInProgress
 .text.LoRaMacClassBBeaconTimerEvent
                0x0000000008008184        0x2 out/LoRaMacClassB.o
                0x0000000008008184                LoRaMacClassBBeaconTimerEvent
 .text.LoRaMacClassBPingSlotTimerEvent
                0x0000000008008186        0x2 out/LoRaMacClassB.o
                0x0000000008008186                LoRaMacClassBPingSlotTimerEvent
 .text.LoRaMacClassBMulticastSlotTimerEvent
                0x0000000008008188        0x2 out/LoRaMacClassB.o
                0x0000000008008188                LoRaMacClassBMulticastSlotTimerEvent
 .text.LoRaMacClassBRxBeacon
                0x000000000800818a        0x4 out/LoRaMacClassB.o
                0x000000000800818a                LoRaMacClassBRxBeacon
 .text.LoRaMacClassBIsBeaconExpected
                0x000000000800818e        0x4 out/LoRaMacClassB.o
                0x000000000800818e                LoRaMacClassBIsBeaconExpected
 .text.LoRaMacClassBIsPingExpected
                0x0000000008008192        0x4 out/LoRaMacClassB.o
                0x0000000008008192                LoRaMacClassBIsPingExpected
 .text.LoRaMacClassBIsMulticastExpected
                0x0000000008008196        0x4 out/LoRaMacClassB.o
                0x0000000008008196                LoRaMacClassBIsMulticastExpected
 .text.LoRaMacClassBIsBeaconModeActive
                0x000000000800819a        0x4 out/LoRaMacClassB.o
                0x000000000800819a                LoRaMacClassBIsBeaconModeActive
 .text.LoRaMacClassBSetPingSlotInfo
                0x000000000800819e        0x2 out/LoRaMacClassB.o
                0x000000000800819e                LoRaMacClassBSetPingSlotInfo
 .text.LoRaMacClassBHaltBeaconing
                0x00000000080081a0        0x2 out/LoRaMacClassB.o
                0x00000000080081a0                LoRaMacClassBHaltBeaconing
 .text.LoRaMacClassBResumeBeaconing
                0x00000000080081a2        0x2 out/LoRaMacClassB.o
                0x00000000080081a2                LoRaMacClassBResumeBeaconing
 .text.LoRaMacClassBSwitchClass
                0x00000000080081a4        0x4 out/LoRaMacClassB.o
                0x00000000080081a4                LoRaMacClassBSwitchClass
 .text.LoRaMacClassBMibGetRequestConfirm
                0x00000000080081a8        0x4 out/LoRaMacClassB.o
                0x00000000080081a8                LoRaMacClassBMibGetRequestConfirm
 .text.LoRaMacMibClassBSetRequestConfirm
                0x00000000080081ac        0x4 out/LoRaMacClassB.o
                0x00000000080081ac                LoRaMacMibClassBSetRequestConfirm
 .text.LoRaMacClassBPingSlotInfoAns
                0x00000000080081b0        0x2 out/LoRaMacClassB.o
                0x00000000080081b0                LoRaMacClassBPingSlotInfoAns
 .text.LoRaMacClassBPingSlotChannelReq
                0x00000000080081b2        0x4 out/LoRaMacClassB.o
                0x00000000080081b2                LoRaMacClassBPingSlotChannelReq
 .text.LoRaMacClassBBeaconTimingAns
                0x00000000080081b6        0x2 out/LoRaMacClassB.o
                0x00000000080081b6                LoRaMacClassBBeaconTimingAns
 .text.LoRaMacClassBDeviceTimeAns
                0x00000000080081b8        0x2 out/LoRaMacClassB.o
                0x00000000080081b8                LoRaMacClassBDeviceTimeAns
 .text.LoRaMacClassBBeaconFreqReq
                0x00000000080081ba        0x4 out/LoRaMacClassB.o
                0x00000000080081ba                LoRaMacClassBBeaconFreqReq
 .text.LoRaMacClassBIsUplinkCollision
                0x00000000080081be        0x6 out/LoRaMacClassB.o
                0x00000000080081be                LoRaMacClassBIsUplinkCollision
 .text.LoRaMacClassBStopRxSlots
                0x00000000080081c4        0x2 out/LoRaMacClassB.o
                0x00000000080081c4                LoRaMacClassBStopRxSlots
 .text.LoRaMacClassBSetMulticastPeriodicity
                0x00000000080081c6        0x2 out/LoRaMacClassB.o
                0x00000000080081c6                LoRaMacClassBSetMulticastPeriodicity
 .text.LoRaMacConfirmQueueInit
                0x00000000080081c8       0x28 out/LoRaMacConfirmQueue.o
                0x00000000080081c8                LoRaMacConfirmQueueInit
 .text.LoRaMacConfirmQueueAdd
                0x00000000080081f0       0x40 out/LoRaMacConfirmQueue.o
                0x00000000080081f0                LoRaMacConfirmQueueAdd
 .text.LoRaMacConfirmQueueRemoveLast
                0x0000000008008230       0x28 out/LoRaMacConfirmQueue.o
                0x0000000008008230                LoRaMacConfirmQueueRemoveLast
 .text.LoRaMacConfirmQueueRemoveFirst
                0x0000000008008258       0x28 out/LoRaMacConfirmQueue.o
                0x0000000008008258                LoRaMacConfirmQueueRemoveFirst
 .text.LoRaMacConfirmQueueSetStatus
                0x0000000008008280       0x34 out/LoRaMacConfirmQueue.o
                0x0000000008008280                LoRaMacConfirmQueueSetStatus
 .text.LoRaMacConfirmQueueGetStatus
                0x00000000080082b4       0x30 out/LoRaMacConfirmQueue.o
                0x00000000080082b4                LoRaMacConfirmQueueGetStatus
 .text.LoRaMacConfirmQueueSetStatusCmn
                0x00000000080082e4       0x34 out/LoRaMacConfirmQueue.o
                0x00000000080082e4                LoRaMacConfirmQueueSetStatusCmn
 .text.LoRaMacConfirmQueueGetStatusCmn
                0x0000000008008318        0xc out/LoRaMacConfirmQueue.o
                0x0000000008008318                LoRaMacConfirmQueueGetStatusCmn
 .text.LoRaMacConfirmQueueIsCmdActive
                0x0000000008008324       0x2c out/LoRaMacConfirmQueue.o
                0x0000000008008324                LoRaMacConfirmQueueIsCmdActive
 .text.LoRaMacConfirmQueueHandleCb
                0x0000000008008350       0x54 out/LoRaMacConfirmQueue.o
                0x0000000008008350                LoRaMacConfirmQueueHandleCb
 .text.LoRaMacConfirmQueueGetCnt
                0x00000000080083a4        0xc out/LoRaMacConfirmQueue.o
                0x00000000080083a4                LoRaMacConfirmQueueGetCnt
 .text.LoRaMacConfirmQueueIsFull
                0x00000000080083b0       0x14 out/LoRaMacConfirmQueue.o
                0x00000000080083b0                LoRaMacConfirmQueueIsFull
 .text.LoRaMacComputeMic
                0x00000000080083c4       0x70 out/LoRaMacCrypto.o
                0x00000000080083c4                LoRaMacComputeMic
 .text.LoRaMacPayloadEncrypt
                0x0000000008008434       0xf4 out/LoRaMacCrypto.o
                0x0000000008008434                LoRaMacPayloadEncrypt
 .text.LoRaMacPayloadDecrypt
                0x0000000008008528       0x10 out/LoRaMacCrypto.o
                0x0000000008008528                LoRaMacPayloadDecrypt
 .text.LoRaMacJoinComputeMic
                0x0000000008008538       0x3c out/LoRaMacCrypto.o
                0x0000000008008538                LoRaMacJoinComputeMic
 .text.LoRaMacJoinDecrypt
                0x0000000008008574       0x3e out/LoRaMacCrypto.o
                0x0000000008008574                LoRaMacJoinDecrypt
 .text.LoRaMacJoinComputeSKeys
                0x00000000080085b2       0x86 out/LoRaMacCrypto.o
                0x00000000080085b2                LoRaMacJoinComputeSKeys
 .text.RegionIsActive
                0x0000000008008638        0x8 out/Region.o
                0x0000000008008638                RegionIsActive
 .text.RegionGetPhyParam
                0x0000000008008640       0x12 out/Region.o
                0x0000000008008640                RegionGetPhyParam
 .text.RegionSetBandTxDone
                0x0000000008008652        0xa out/Region.o
                0x0000000008008652                RegionSetBandTxDone
 .text.RegionInitDefaults
                0x000000000800865c        0xa out/Region.o
                0x000000000800865c                RegionInitDefaults
 .text.RegionVerify
                0x0000000008008666       0x10 out/Region.o
                0x0000000008008666                RegionVerify
 .text.RegionApplyCFList
                0x0000000008008676        0xa out/Region.o
                0x0000000008008676                RegionApplyCFList
 .text.RegionChanMaskSet
                0x0000000008008680        0xc out/Region.o
                0x0000000008008680                RegionChanMaskSet
 .text.RegionAdrNext
                0x000000000800868c       0x1e out/Region.o
                0x000000000800868c                RegionAdrNext
 .text.RegionComputeRxWindowParameters
                0x00000000080086aa       0x1c out/Region.o
                0x00000000080086aa                RegionComputeRxWindowParameters
 .text.RegionRxConfig
                0x00000000080086c6       0x10 out/Region.o
                0x00000000080086c6                RegionRxConfig
 .text.RegionTxConfig
                0x00000000080086d6       0x1c out/Region.o
                0x00000000080086d6                RegionTxConfig
 .text.RegionLinkAdrReq
                0x00000000080086f2       0x1e out/Region.o
                0x00000000080086f2                RegionLinkAdrReq
 .text.RegionRxParamSetupReq
                0x0000000008008710        0xc out/Region.o
                0x0000000008008710                RegionRxParamSetupReq
 .text.RegionNewChannelReq
                0x000000000800871c        0xc out/Region.o
                0x000000000800871c                RegionNewChannelReq
 .text.RegionTxParamSetupReq
                0x0000000008008728        0xc out/Region.o
                0x0000000008008728                RegionTxParamSetupReq
 .text.RegionDlChannelReq
                0x0000000008008734        0xc out/Region.o
                0x0000000008008734                RegionDlChannelReq
 .text.RegionAlternateDr
                0x0000000008008740        0xc out/Region.o
                0x0000000008008740                RegionAlternateDr
 .text.RegionCalcBackOff
                0x000000000800874c        0xa out/Region.o
                0x000000000800874c                RegionCalcBackOff
 .text.RegionNextChannel
                0x0000000008008756       0x1e out/Region.o
                0x0000000008008756                RegionNextChannel
 .text.RegionSetContinuousWave
                0x0000000008008774        0xa out/Region.o
                0x0000000008008774                RegionSetContinuousWave
 .text.RegionApplyDrOffset
                0x000000000800877e       0x1c out/Region.o
                0x000000000800877e                RegionApplyDrOffset
 *fill*         0x000000000800879a        0x2 
 .text.RegionCommonGetJoinDc
                0x000000000800879c       0x28 out/RegionCommon.o
                0x000000000800879c                RegionCommonGetJoinDc
 .text.RegionCommonChanVerifyDr
                0x00000000080087c4       0x66 out/RegionCommon.o
                0x00000000080087c4                RegionCommonChanVerifyDr
 .text.RegionCommonValueInRange
                0x000000000800882a       0x12 out/RegionCommon.o
                0x000000000800882a                RegionCommonValueInRange
 .text.RegionCommonChanDisable
                0x000000000800883c       0x32 out/RegionCommon.o
                0x000000000800883c                RegionCommonChanDisable
 .text.RegionCommonCountChannels
                0x000000000800886e       0x3c out/RegionCommon.o
                0x000000000800886e                RegionCommonCountChannels
 .text.RegionCommonChanMaskCopy
                0x00000000080088aa       0x1e out/RegionCommon.o
                0x00000000080088aa                RegionCommonChanMaskCopy
 .text.RegionCommonSetBandTxDone
                0x00000000080088c8        0xe out/RegionCommon.o
                0x00000000080088c8                RegionCommonSetBandTxDone
 *fill*         0x00000000080088d6        0x2 
 .text.RegionCommonUpdateBandTimeOff
                0x00000000080088d8      0x100 out/RegionCommon.o
                0x00000000080088d8                RegionCommonUpdateBandTimeOff
 .text.RegionCommonParseLinkAdrReq
                0x00000000080089d8       0x34 out/RegionCommon.o
                0x00000000080089d8                RegionCommonParseLinkAdrReq
 .text.RegionCommonComputeSymbolTimeLoRa
                0x0000000008008a0c       0x34 out/RegionCommon.o
                0x0000000008008a0c                RegionCommonComputeSymbolTimeLoRa
 .text.RegionCommonComputeSymbolTimeFsk
                0x0000000008008a40       0x18 out/RegionCommon.o
                0x0000000008008a40                RegionCommonComputeSymbolTimeFsk
 .text.RegionCommonComputeRxWindowParameters
                0x0000000008008a58       0xac out/RegionCommon.o
                0x0000000008008a58                RegionCommonComputeRxWindowParameters
 .text.RegionCommonComputeTxPower
                0x0000000008008b04       0x30 out/RegionCommon.o
                0x0000000008008b04                RegionCommonComputeTxPower
 .text.VerifyTxFreq
                0x0000000008008b34       0x28 out/RegionAS923.o
 .text.RegionAS923GetPhyParam
                0x0000000008008b5c      0x12c out/RegionAS923.o
                0x0000000008008b5c                RegionAS923GetPhyParam
 .text.RegionAS923SetBandTxDone
                0x0000000008008c88       0x2c out/RegionAS923.o
                0x0000000008008c88                RegionAS923SetBandTxDone
 .text.RegionAS923InitDefaults
                0x0000000008008cb4       0x50 out/RegionAS923.o
                0x0000000008008cb4                RegionAS923InitDefaults
 .text.RegionAS923Verify
                0x0000000008008d04       0x56 out/RegionAS923.o
                0x0000000008008d04                RegionAS923Verify
 *fill*         0x0000000008008d5a        0x2 
 .text.RegionAS923ChanMaskSet
                0x0000000008008d5c       0x34 out/RegionAS923.o
                0x0000000008008d5c                RegionAS923ChanMaskSet
 .text.RegionAS923AdrNext
                0x0000000008008d90       0xa8 out/RegionAS923.o
                0x0000000008008d90                RegionAS923AdrNext
 .text.RegionAS923ComputeRxWindowParameters
                0x0000000008008e38       0x84 out/RegionAS923.o
                0x0000000008008e38                RegionAS923ComputeRxWindowParameters
 .text.RegionAS923RxConfig
                0x0000000008008ebc       0xec out/RegionAS923.o
                0x0000000008008ebc                RegionAS923RxConfig
 .text.RegionAS923TxConfig
                0x0000000008008fa8      0x114 out/RegionAS923.o
                0x0000000008008fa8                RegionAS923TxConfig
 .text.RegionAS923LinkAdrReq
                0x00000000080090bc      0x110 out/RegionAS923.o
                0x00000000080090bc                RegionAS923LinkAdrReq
 .text.RegionAS923RxParamSetupReq
                0x00000000080091cc       0x44 out/RegionAS923.o
                0x00000000080091cc                RegionAS923RxParamSetupReq
 .text.RegionAS923TxParamSetupReq
                0x0000000008009210        0x4 out/RegionAS923.o
                0x0000000008009210                RegionAS923TxParamSetupReq
 .text.RegionAS923DlChannelReq
                0x0000000008009214       0x38 out/RegionAS923.o
                0x0000000008009214                RegionAS923DlChannelReq
 .text.RegionAS923AlternateDr
                0x000000000800924c        0x4 out/RegionAS923.o
                0x000000000800924c                RegionAS923AlternateDr
 .text.RegionAS923CalcBackOff
                0x0000000008009250       0x94 out/RegionAS923.o
                0x0000000008009250                RegionAS923CalcBackOff
 .text.RegionAS923NextChannel
                0x00000000080092e4      0x18c out/RegionAS923.o
                0x00000000080092e4                RegionAS923NextChannel
 .text.RegionAS923ChannelAdd
                0x0000000008009470       0xd4 out/RegionAS923.o
                0x0000000008009470                RegionAS923ChannelAdd
 .text.RegionAS923ChannelsRemove
                0x0000000008009544       0x30 out/RegionAS923.o
                0x0000000008009544                RegionAS923ChannelsRemove
 .text.RegionAS923ApplyCFList
                0x0000000008009574       0x78 out/RegionAS923.o
                0x0000000008009574                RegionAS923ApplyCFList
 .text.RegionAS923NewChannelReq
                0x00000000080095ec       0x40 out/RegionAS923.o
                0x00000000080095ec                RegionAS923NewChannelReq
 .text.RegionAS923SetContinuousWave
                0x000000000800962c       0x4c out/RegionAS923.o
                0x000000000800962c                RegionAS923SetContinuousWave
 .text.RegionAS923ApplyDrOffset
                0x0000000008009678       0x2c out/RegionAS923.o
                0x0000000008009678                RegionAS923ApplyDrOffset
 .text.Reset_Handler
                0x00000000080096a4       0x48 out/startup_cm4.o
                0x00000000080096a4                Reset_Handler
 .text.Default_Handler
                0x00000000080096ec        0x2 out/startup_cm4.o
                0x00000000080096ec                GPIO_IRQHandler
                0x00000000080096ec                SCC_IRQHandler
                0x00000000080096ec                TIMER2_IRQHandler
                0x00000000080096ec                EFC_IRQHandler
                0x00000000080096ec                I2C0_IRQHandler
                0x00000000080096ec                SAC_IRQHandler
                0x00000000080096ec                I2C1_IRQHandler
                0x00000000080096ec                UART1_IRQHandler
                0x00000000080096ec                BSTIMER0_IRQHandler
                0x00000000080096ec                TIMER3_IRQHandler
                0x00000000080096ec                UART0_IRQHandler
                0x00000000080096ec                SEC_IRQHandler
                0x00000000080096ec                WDG_IRQHandler
                0x00000000080096ec                LPTIMER1_IRQHandler
                0x00000000080096ec                LPTIMER0_IRQHandler
                0x00000000080096ec                SSP0_IRQHandler
                0x00000000080096ec                I2S_IRQHandler
                0x00000000080096ec                I2C2_IRQHandler
                0x00000000080096ec                TIMER0_IRQHandler
                0x00000000080096ec                LCD_IRQHandler
                0x00000000080096ec                LPUART_IRQHandler
                0x00000000080096ec                TIMER1_IRQHandler
                0x00000000080096ec                UART2_IRQHandler
                0x00000000080096ec                Default_Handler
                0x00000000080096ec                ADC_IRQHandler
                0x00000000080096ec                SSP1_IRQHandler
                0x00000000080096ec                DMA0_IRQHandler
                0x00000000080096ec                IWDG_IRQHandler
                0x00000000080096ec                SSP2_IRQHandler
                0x00000000080096ec                BSTIMER1_IRQHandler
                0x00000000080096ec                DAC_IRQHandler
                0x00000000080096ec                AFEC_IRQHandler
                0x00000000080096ec                UART3_IRQHandler
                0x00000000080096ec                QSPI_IRQHandler
                0x00000000080096ec                DMA1_IRQHandler
 *fill*         0x00000000080096ee        0x2 
 .text.startup  0x00000000080096f0       0x14 /usr/lib/gcc/arm-none-eabi/10.3.1/../../../arm-none-eabi/lib/thumb/v7e-m/nofp/libc.a(lib_a-__call_atexit.o)
 *(.glue_7)
 .glue_7        0x0000000008009704        0x0 linker stubs
 *(.glue_7t)
 .glue_7t       0x0000000008009704        0x0 linker stubs
 *(.eh_frame)
 .eh_frame      0x0000000008009704        0x0 /usr/lib/gcc/arm-none-eabi/10.3.1/thumb/v7e-m/nofp/crtbegin.o
 *(.init)
 .init          0x0000000008009704        0x4 /usr/lib/gcc/arm-none-eabi/10.3.1/thumb/v7e-m/nofp/crti.o
                0x0000000008009704                _init
 .init          0x0000000008009708        0x8 /usr/lib/gcc/arm-none-eabi/10.3.1/thumb/v7e-m/nofp/crtn.o
 *(.fini)
 .fini          0x0000000008009710        0x4 /usr/lib/gcc/arm-none-eabi/10.3.1/thumb/v7e-m/nofp/crti.o
                0x0000000008009710                _fini
 .fini          0x0000000008009714        0x8 /usr/lib/gcc/arm-none-eabi/10.3.1/thumb/v7e-m/nofp/crtn.o
                0x000000000800971c                . = ALIGN (0x4)
                0x000000000800971c                _etext = .

.vfp11_veneer   0x000000000800971c        0x0
 .vfp11_veneer  0x000000000800971c        0x0 linker stubs

.v4_bx          0x000000000800971c        0x0
 .v4_bx         0x000000000800971c        0x0 linker stubs

.iplt           0x000000000800971c        0x0
 .iplt          0x000000000800971c        0x0 /usr/lib/gcc/arm-none-eabi/10.3.1/thumb/v7e-m/nofp/crtbegin.o

.rodata         0x0000000008009720      0x508
                0x0000000008009720                . = ALIGN (0x4)
 *(.rodata)
 .rodata        0x0000000008009720       0x18 out/classA.o
 .rodata        0x0000000008009738       0x50 out/printf-stdarg.o
 .rodata        0x0000000008009788        0xc out/tremo_uart.o
 *fill*         0x0000000008009794        0x4 
 .rodata        0x0000000008009798      0x188 out/radio.o
                0x0000000008009798                FskBandwidths
                0x00000000080098a8                Bandwidths
                0x00000000080098b4                Radio
 .rodata        0x0000000008009920       0x11 out/sx126x.o
 .rodata        0x0000000008009931       0x18 out/rtc-board.o
 .rodata        0x0000000008009949       0x10 out/LoRaMac.o
 *fill*         0x0000000008009959        0x3 
 .rodata        0x000000000800995c       0x67 out/RegionAS923.o
 *fill*         0x00000000080099c3        0x1 
 .rodata        0x00000000080099c4       0x10 /home/ngocdien110302/Ai-Thinker-LoRaWAN-Ra-08/drivers/crypto/lib/libcrypto.a(aes.o)
 .rodata        0x00000000080099d4        0x4 /usr/lib/gcc/arm-none-eabi/10.3.1/../../../arm-none-eabi/lib/thumb/v7e-m/nofp/libc.a(lib_a-impure.o)
                0x00000000080099d4                _global_impure_ptr
 .rodata        0x00000000080099d8       0x10 /usr/lib/gcc/arm-none-eabi/10.3.1/../../../arm-none-eabi/lib/thumb/v7e-m/nofp/libm.a(lib_a-s_rint.o)
 *(.rodata*)
 .rodata.str1.1
                0x00000000080099e8      0x225 out/classA.o
                                        0x22b (size before relaxing)
 .rodata.str1.1
                0x0000000008009c0d       0x19 out/printf-stdarg.o
                0x0000000008009c28                . = ALIGN (0x4)
 *fill*         0x0000000008009c26        0x2 

.ARM.extab
 *(.ARM.extab* .gnu.linkonce.armextab.*)

.ARM            0x0000000008009c28        0x8
                0x0000000008009c28                __exidx_start = .
 *(.ARM.exidx*)
 .ARM.exidx     0x0000000008009c28        0x8 /usr/lib/gcc/arm-none-eabi/10.3.1/thumb/v7e-m/nofp/libgcc.a(_udivmoddi4.o)
                0x0000000008009c30                __exidx_end = .

.rel.dyn        0x0000000008009c30        0x0
 .rel.iplt      0x0000000008009c30        0x0 /usr/lib/gcc/arm-none-eabi/10.3.1/thumb/v7e-m/nofp/crtbegin.o

.preinit_array  0x0000000008009c30        0x0
                0x0000000008009c30                PROVIDE (__preinit_array_start = .)
 *(.preinit_array*)
                0x0000000008009c30                PROVIDE (__preinit_array_end = .)

.init_array     0x0000000008009c30        0x8
                0x0000000008009c30                PROVIDE (__init_array_start = .)
 *(SORT_BY_NAME(.init_array.*))
 .init_array.00000
                0x0000000008009c30        0x4 /usr/lib/gcc/arm-none-eabi/10.3.1/../../../arm-none-eabi/lib/thumb/v7e-m/nofp/libc.a(lib_a-__call_atexit.o)
 *(.init_array*)
 .init_array    0x0000000008009c34        0x4 /usr/lib/gcc/arm-none-eabi/10.3.1/thumb/v7e-m/nofp/crtbegin.o
                0x0000000008009c38                PROVIDE (__init_array_end = .)

.fini_array     0x0000000008009c38        0x4
                0x0000000008009c38                PROVIDE (__fini_array_start = .)
 *(SORT_BY_NAME(.fini_array.*))
 *(.fini_array*)
 .fini_array    0x0000000008009c38        0x4 /usr/lib/gcc/arm-none-eabi/10.3.1/thumb/v7e-m/nofp/crtbegin.o
                0x0000000008009c3c                PROVIDE (__fini_array_end = .)
                0x0000000008009c3c                _sidata = LOADADDR (.data)

.data           0x0000000020000000      0x4a0 load address 0x0000000008009c3c
                0x0000000020000000                . = ALIGN (0x4)
                0x0000000020000000                _sdata = .
 *(.data)
 .data          0x0000000020000000       0x23 out/classA.o
                0x0000000020000001                NextTx
 .data          0x0000000020000023        0x1 out/radio.o
                0x0000000020000023                MaxPayloadLength
 .data          0x0000000020000024        0x4 out/utilities.o
 .data          0x0000000020000028        0x3 out/LoRaMac.o
 .data          0x000000002000002b       0x20 out/LoRaMacCrypto.o
 *fill*         0x000000002000004b        0x5 
 .data          0x0000000020000050       0x20 out/RegionAS923.o
 .data          0x0000000020000070      0x430 /usr/lib/gcc/arm-none-eabi/10.3.1/../../../arm-none-eabi/lib/thumb/v7e-m/nofp/libc.a(lib_a-impure.o)
                0x0000000020000070                _impure_ptr
 *(.data*)
                0x00000000200004a0                . = ALIGN (0x4)
                0x00000000200004a0                _edata = .

.tm_clone_table
                0x00000000200004a0        0x0 load address 0x000000000800a0dc
 .tm_clone_table
                0x00000000200004a0        0x0 /usr/lib/gcc/arm-none-eabi/10.3.1/thumb/v7e-m/nofp/crtbegin.o
 .tm_clone_table
                0x00000000200004a0        0x0 /usr/lib/gcc/arm-none-eabi/10.3.1/thumb/v7e-m/nofp/crtend.o

.igot.plt       0x00000000200004a0        0x0 load address 0x000000000800a0dc
 .igot.plt      0x00000000200004a0        0x0 /usr/lib/gcc/arm-none-eabi/10.3.1/thumb/v7e-m/nofp/crtbegin.o
                0x00000000200004a0                . = ALIGN (0x4)

.bss            0x00000000200004a0      0x8c4 load address 0x000000000800a0dc
                0x00000000200004a0                _sbss = .
                0x00000000200004a0                __bss_start__ = _sbss
 *(.bss)
 .bss           0x00000000200004a0       0x1c /usr/lib/gcc/arm-none-eabi/10.3.1/thumb/v7e-m/nofp/crtbegin.o
 .bss           0x00000000200004bc       0x30 out/classA.o
                0x00000000200004e4                a
                0x00000000200004e8                counter
 .bss           0x00000000200004ec        0x1 out/tremo_delay.o
 *fill*         0x00000000200004ed        0x3 
 .bss           0x00000000200004f0       0x11 out/timer.o
                0x0000000020000500                HasLoopedThroughMain
 *fill*         0x0000000020000501        0x3 
 .bss           0x0000000020000504      0x1a6 out/radio.o
                0x0000000020000508                TxTimeoutTimer
                0x000000002000051c                RxTimeoutTimer
                0x0000000020000530                CadTimeoutTimer
                0x0000000020000544                IrqFired
                0x0000000020000548                SX126x
                0x0000000020000584                TxTimeout
                0x0000000020000588                RxContinuous
                0x000000002000058c                RxTimeout
                0x0000000020000590                irqRegs
                0x0000000020000592                RadioRxPayload
                0x0000000020000694                RadioPktStatus
 *fill*         0x00000000200006aa        0x2 
 .bss           0x00000000200006ac        0x8 out/sx126x.o
                0x00000000200006b0                FrequencyError
 *fill*         0x00000000200006b4        0x4 
 .bss           0x00000000200006b8       0x1d out/rtc-board.o
                0x00000000200006bc                RtcCalendarContext
                0x00000000200006c8                RtcTimerContext
                0x00000000200006d0                McuWakeUpTime
                0x00000000200006d4                NonScheduledWakeUp
 .bss           0x00000000200006d5        0x1 out/sx1262-board.o
                0x00000000200006d5                gPaOptSetting
 *fill*         0x00000000200006d6        0x2 
 .bss           0x00000000200006d8      0x559 out/LoRaMac.o
                0x00000000200006f0                LoRaMacFlags
                0x000000002000078c                LoRaMacParams
                0x00000000200007c8                LoRaMacParamsDefaults
                0x0000000020000824                LoRaMacState
                0x0000000020000bd0                TxTimeOnAir
 *fill*         0x0000000020000c31        0x3 
 .bss           0x0000000020000c34       0x25 out/LoRaMacConfirmQueue.o
                0x0000000020000c3c                BufferStart
                0x0000000020000c54                BufferEnd
                0x0000000020000c58                CommonStatus
 *fill*         0x0000000020000c59        0x3 
 .bss           0x0000000020000c5c       0x44 out/LoRaMacCrypto.o
 .bss           0x0000000020000ca0       0xc4 out/RegionAS923.o
 *(.bss*)
 *(COMMON)
                0x0000000020000d64                . = ALIGN (0x4)
                0x0000000020000d64                _ebss = .
                0x0000000020000d64                __bss_end__ = _ebss

.heap           0x0000000020000d64        0x0 load address 0x000000000800a0dc
                0x0000000020000d64                . = ALIGN (0x4)
                0x0000000020000d64                _heap_bottom = .
                0x0000000020000d64                end = _heap_bottom
                0x0000000020000d64                _end = end
                0x0000000020000d64                __end = end
                0x0000000020000d64                . = (. + _HEAP_SIZE)
                0x0000000020000d64                _heap_top = .

.stack          0x0000000020000d64     0x1000 load address 0x000000000800a0dc
                0x0000000020000d64                . = ALIGN (0x4)
                0x0000000020000d64                _stack_bottom = .
                0x0000000020001d64                . = (. + _STACK_SIZE)
 *fill*         0x0000000020000d64     0x1000 
                0x0000000020001d64                _stack_top = .

/DISCARD/
 libc.a(*)
 libm.a(*)
 libgcc.a(*)

.ARM.attributes
                0x0000000000000000       0x2e
 *(.ARM.attributes)
 .ARM.attributes
                0x0000000000000000       0x1e /usr/lib/gcc/arm-none-eabi/10.3.1/thumb/v7e-m/nofp/crti.o
 .ARM.attributes
                0x000000000000001e       0x2e /usr/lib/gcc/arm-none-eabi/10.3.1/thumb/v7e-m/nofp/crtbegin.o
 .ARM.attributes
                0x000000000000004c       0x32 out/classA.o
 .ARM.attributes
                0x000000000000007e       0x32 out/main.o
 .ARM.attributes
                0x00000000000000b0       0x32 out/tremo_it.o
 .ARM.attributes
                0x00000000000000e2       0x32 out/printf-stdarg.o
 .ARM.attributes
                0x0000000000000114       0x32 out/system_cm4.o
 .ARM.attributes
                0x0000000000000146       0x32 out/tremo_delay.o
 .ARM.attributes
                0x0000000000000178       0x32 out/tremo_gpio.o
 .ARM.attributes
                0x00000000000001aa       0x32 out/tremo_pwr.o
 .ARM.attributes
                0x00000000000001dc       0x32 out/tremo_rcc.o
 .ARM.attributes
                0x000000000000020e       0x32 out/tremo_rtc.o
 .ARM.attributes
                0x0000000000000240       0x32 out/tremo_uart.o
 .ARM.attributes
                0x0000000000000272       0x32 out/delay.o
 .ARM.attributes
                0x00000000000002a4       0x32 out/timer.o
 .ARM.attributes
                0x00000000000002d6       0x32 out/cmac.o
 .ARM.attributes
                0x0000000000000308       0x32 out/radio.o
 .ARM.attributes
                0x000000000000033a       0x32 out/sx126x.o
 .ARM.attributes
                0x000000000000036c       0x32 out/rtc-board.o
 .ARM.attributes
                0x000000000000039e       0x32 out/sx1262-board.o
 .ARM.attributes
                0x00000000000003d0       0x32 out/utilities.o
 .ARM.attributes
                0x0000000000000402       0x32 out/LoRaMac.o
 .ARM.attributes
                0x0000000000000434       0x32 out/LoRaMacClassB.o
 .ARM.attributes
                0x0000000000000466       0x32 out/LoRaMacConfirmQueue.o
 .ARM.attributes
                0x0000000000000498       0x32 out/LoRaMacCrypto.o
 .ARM.attributes
                0x00000000000004ca       0x32 out/Region.o
 .ARM.attributes
                0x00000000000004fc       0x32 out/RegionCommon.o
 .ARM.attributes
                0x000000000000052e       0x32 out/RegionAS923.o
 .ARM.attributes
                0x0000000000000560       0x21 out/startup_cm4.o
 .ARM.attributes
                0x0000000000000581       0x2e /home/ngocdien110302/Ai-Thinker-LoRaWAN-Ra-08/drivers/crypto/lib/libcrypto.a(aes.o)
 .ARM.attributes
                0x00000000000005af       0x1e /usr/lib/gcc/arm-none-eabi/10.3.1/thumb/v7e-m/nofp/libgcc.a(_arm_addsubdf3.o)
 .ARM.attributes
                0x00000000000005cd       0x1e /usr/lib/gcc/arm-none-eabi/10.3.1/thumb/v7e-m/nofp/libgcc.a(_arm_muldivdf3.o)
 .ARM.attributes
                0x00000000000005eb       0x1e /usr/lib/gcc/arm-none-eabi/10.3.1/thumb/v7e-m/nofp/libgcc.a(_arm_cmpdf2.o)
 .ARM.attributes
                0x0000000000000609       0x1e /usr/lib/gcc/arm-none-eabi/10.3.1/thumb/v7e-m/nofp/libgcc.a(_arm_fixdfsi.o)
 .ARM.attributes
                0x0000000000000627       0x1e /usr/lib/gcc/arm-none-eabi/10.3.1/thumb/v7e-m/nofp/libgcc.a(_arm_fixunsdfsi.o)
 .ARM.attributes
                0x0000000000000645       0x1e /usr/lib/gcc/arm-none-eabi/10.3.1/thumb/v7e-m/nofp/libgcc.a(_aeabi_uldivmod.o)
 .ARM.attributes
                0x0000000000000663       0x2e /usr/lib/gcc/arm-none-eabi/10.3.1/thumb/v7e-m/nofp/libgcc.a(_fixunsdfdi.o)
 .ARM.attributes
                0x0000000000000691       0x2e /usr/lib/gcc/arm-none-eabi/10.3.1/thumb/v7e-m/nofp/libgcc.a(_udivmoddi4.o)
 .ARM.attributes
                0x00000000000006bf       0x1e /usr/lib/gcc/arm-none-eabi/10.3.1/thumb/v7e-m/nofp/libgcc.a(_dvmd_tls.o)
 .ARM.attributes
                0x00000000000006dd       0x2e /usr/lib/gcc/arm-none-eabi/10.3.1/../../../arm-none-eabi/lib/thumb/v7e-m/nofp/libc.a(lib_a-atexit.o)
 .ARM.attributes
                0x000000000000070b       0x2e /usr/lib/gcc/arm-none-eabi/10.3.1/../../../arm-none-eabi/lib/thumb/v7e-m/nofp/libc.a(lib_a-fini.o)
 .ARM.attributes
                0x0000000000000739       0x2e /usr/lib/gcc/arm-none-eabi/10.3.1/../../../arm-none-eabi/lib/thumb/v7e-m/nofp/libc.a(lib_a-impure.o)
 .ARM.attributes
                0x0000000000000767       0x2e /usr/lib/gcc/arm-none-eabi/10.3.1/../../../arm-none-eabi/lib/thumb/v7e-m/nofp/libc.a(lib_a-init.o)
 .ARM.attributes
                0x0000000000000795       0x1c /usr/lib/gcc/arm-none-eabi/10.3.1/../../../arm-none-eabi/lib/thumb/v7e-m/nofp/libc.a(lib_a-memcpy.o)
 .ARM.attributes
                0x00000000000007b1       0x2e /usr/lib/gcc/arm-none-eabi/10.3.1/../../../arm-none-eabi/lib/thumb/v7e-m/nofp/libc.a(lib_a-memset.o)
 .ARM.attributes
                0x00000000000007df       0x2e /usr/lib/gcc/arm-none-eabi/10.3.1/../../../arm-none-eabi/lib/thumb/v7e-m/nofp/libc.a(lib_a-__atexit.o)
 .ARM.attributes
                0x000000000000080d       0x2e /usr/lib/gcc/arm-none-eabi/10.3.1/../../../arm-none-eabi/lib/thumb/v7e-m/nofp/libc.a(lib_a-__call_atexit.o)
 .ARM.attributes
                0x000000000000083b       0x2e /usr/lib/gcc/arm-none-eabi/10.3.1/thumb/v7e-m/nofp/crtend.o
 .ARM.attributes
                0x0000000000000869       0x1e /usr/lib/gcc/arm-none-eabi/10.3.1/thumb/v7e-m/nofp/crtn.o
OUTPUT(out/class_a.elf elf32-littlearm)
LOAD linker stubs
LOAD /usr/lib/gcc/arm-none-eabi/10.3.1/../../../arm-none-eabi/lib/thumb/v7e-m/nofp/libc.a
LOAD /usr/lib/gcc/arm-none-eabi/10.3.1/../../../arm-none-eabi/lib/thumb/v7e-m/nofp/libm.a
LOAD /usr/lib/gcc/arm-none-eabi/10.3.1/thumb/v7e-m/nofp/libgcc.a

.comment        0x0000000000000000       0xac
 .comment       0x0000000000000000       0x33 /usr/lib/gcc/arm-none-eabi/10.3.1/thumb/v7e-m/nofp/crtbegin.o
                                         0x34 (size before relaxing)
 .comment       0x0000000000000033       0x34 out/classA.o
 .comment       0x0000000000000033       0x34 out/main.o
 .comment       0x0000000000000033       0x34 out/tremo_it.o
 .comment       0x0000000000000033       0x34 out/printf-stdarg.o
 .comment       0x0000000000000033       0x34 out/system_cm4.o
 .comment       0x0000000000000033       0x34 out/tremo_delay.o
 .comment       0x0000000000000033       0x34 out/tremo_gpio.o
 .comment       0x0000000000000033       0x34 out/tremo_pwr.o
 .comment       0x0000000000000033       0x34 out/tremo_rcc.o
 .comment       0x0000000000000033       0x34 out/tremo_rtc.o
 .comment       0x0000000000000033       0x34 out/tremo_uart.o
 .comment       0x0000000000000033       0x34 out/delay.o
 .comment       0x0000000000000033       0x34 out/timer.o
 .comment       0x0000000000000033       0x34 out/cmac.o
 .comment       0x0000000000000033       0x34 out/radio.o
 .comment       0x0000000000000033       0x34 out/sx126x.o
 .comment       0x0000000000000033       0x34 out/rtc-board.o
 .comment       0x0000000000000033       0x34 out/sx1262-board.o
 .comment       0x0000000000000033       0x34 out/utilities.o
 .comment       0x0000000000000033       0x34 out/LoRaMac.o
 .comment       0x0000000000000033       0x34 out/LoRaMacClassB.o
 .comment       0x0000000000000033       0x34 out/LoRaMacConfirmQueue.o
 .comment       0x0000000000000033       0x34 out/LoRaMacCrypto.o
 .comment       0x0000000000000033       0x34 out/Region.o
 .comment       0x0000000000000033       0x34 out/RegionCommon.o
 .comment       0x0000000000000033       0x34 out/RegionAS923.o
 .comment       0x0000000000000033       0x79 /home/ngocdien110302/Ai-Thinker-LoRaWAN-Ra-08/drivers/crypto/lib/libcrypto.a(aes.o)
                                         0x7a (size before relaxing)
 .comment       0x00000000000000ac       0x34 /usr/lib/gcc/arm-none-eabi/10.3.1/thumb/v7e-m/nofp/libgcc.a(_fixunsdfdi.o)
 .comment       0x00000000000000ac       0x34 /usr/lib/gcc/arm-none-eabi/10.3.1/thumb/v7e-m/nofp/libgcc.a(_udivmoddi4.o)
 .comment       0x00000000000000ac       0x34 /usr/lib/gcc/arm-none-eabi/10.3.1/../../../arm-none-eabi/lib/thumb/v7e-m/nofp/libc.a(lib_a-atexit.o)
 .comment       0x00000000000000ac       0x34 /usr/lib/gcc/arm-none-eabi/10.3.1/../../../arm-none-eabi/lib/thumb/v7e-m/nofp/libc.a(lib_a-fini.o)
 .comment       0x00000000000000ac       0x34 /usr/lib/gcc/arm-none-eabi/10.3.1/../../../arm-none-eabi/lib/thumb/v7e-m/nofp/libc.a(lib_a-impure.o)
 .comment       0x00000000000000ac       0x34 /usr/lib/gcc/arm-none-eabi/10.3.1/../../../arm-none-eabi/lib/thumb/v7e-m/nofp/libc.a(lib_a-init.o)
 .comment       0x00000000000000ac       0x34 /usr/lib/gcc/arm-none-eabi/10.3.1/../../../arm-none-eabi/lib/thumb/v7e-m/nofp/libc.a(lib_a-memset.o)
 .comment       0x00000000000000ac       0x34 /usr/lib/gcc/arm-none-eabi/10.3.1/../../../arm-none-eabi/lib/thumb/v7e-m/nofp/libc.a(lib_a-__atexit.o)
 .comment       0x00000000000000ac       0x34 /usr/lib/gcc/arm-none-eabi/10.3.1/../../../arm-none-eabi/lib/thumb/v7e-m/nofp/libc.a(lib_a-__call_atexit.o)
 .comment       0x00000000000000ac       0x34 /usr/lib/gcc/arm-none-eabi/10.3.1/thumb/v7e-m/nofp/crtend.o

.debug_info     0x0000000000000000     0x3951
 .debug_info    0x0000000000000000      0xc3a /home/ngocdien110302/Ai-Thinker-LoRaWAN-Ra-08/drivers/crypto/lib/libcrypto.a(aes.o)
 .debug_info    0x0000000000000c3a       0x26 /usr/lib/gcc/arm-none-eabi/10.3.1/thumb/v7e-m/nofp/libgcc.a(_arm_addsubdf3.o)
 .debug_info    0x0000000000000c60       0x26 /usr/lib/gcc/arm-none-eabi/10.3.1/thumb/v7e-m/nofp/libgcc.a(_arm_muldivdf3.o)
 .debug_info    0x0000000000000c86       0x26 /usr/lib/gcc/arm-none-eabi/10.3.1/thumb/v7e-m/nofp/libgcc.a(_arm_cmpdf2.o)
 .debug_info    0x0000000000000cac       0x26 /usr/lib/gcc/arm-none-eabi/10.3.1/thumb/v7e-m/nofp/libgcc.a(_arm_fixdfsi.o)
 .debug_info    0x0000000000000cd2       0x26 /usr/lib/gcc/arm-none-eabi/10.3.1/thumb/v7e-m/nofp/libgcc.a(_arm_fixunsdfsi.o)
 .debug_info    0x0000000000000cf8       0x26 /usr/lib/gcc/arm-none-eabi/10.3.1/thumb/v7e-m/nofp/libgcc.a(_aeabi_uldivmod.o)
 .debug_info    0x0000000000000d1e      0x366 /usr/lib/gcc/arm-none-eabi/10.3.1/thumb/v7e-m/nofp/libgcc.a(_fixunsdfdi.o)
 .debug_info    0x0000000000001084      0x717 /usr/lib/gcc/arm-none-eabi/10.3.1/thumb/v7e-m/nofp/libgcc.a(_udivmoddi4.o)
 .debug_info    0x000000000000179b       0x26 /usr/lib/gcc/arm-none-eabi/10.3.1/thumb/v7e-m/nofp/libgcc.a(_dvmd_tls.o)
 .debug_info    0x00000000000017c1      0x100 /usr/lib/gcc/arm-none-eabi/10.3.1/../../../arm-none-eabi/lib/thumb/v7e-m/nofp/libc.a(lib_a-atexit.o)
 .debug_info    0x00000000000018c1      0x102 /usr/lib/gcc/arm-none-eabi/10.3.1/../../../arm-none-eabi/lib/thumb/v7e-m/nofp/libc.a(lib_a-fini.o)
 .debug_info    0x00000000000019c3      0x92a /usr/lib/gcc/arm-none-eabi/10.3.1/../../../arm-none-eabi/lib/thumb/v7e-m/nofp/libc.a(lib_a-impure.o)
 .debug_info    0x00000000000022ed      0x11a /usr/lib/gcc/arm-none-eabi/10.3.1/../../../arm-none-eabi/lib/thumb/v7e-m/nofp/libc.a(lib_a-init.o)
 .debug_info    0x0000000000002407       0x26 /usr/lib/gcc/arm-none-eabi/10.3.1/../../../arm-none-eabi/lib/thumb/v7e-m/nofp/libc.a(lib_a-memcpy.o)
 .debug_info    0x000000000000242d      0x137 /usr/lib/gcc/arm-none-eabi/10.3.1/../../../arm-none-eabi/lib/thumb/v7e-m/nofp/libc.a(lib_a-memset.o)
 .debug_info    0x0000000000002564      0x9b0 /usr/lib/gcc/arm-none-eabi/10.3.1/../../../arm-none-eabi/lib/thumb/v7e-m/nofp/libc.a(lib_a-__atexit.o)
 .debug_info    0x0000000000002f14      0xa3d /usr/lib/gcc/arm-none-eabi/10.3.1/../../../arm-none-eabi/lib/thumb/v7e-m/nofp/libc.a(lib_a-__call_atexit.o)

.debug_abbrev   0x0000000000000000      0xedb
 .debug_abbrev  0x0000000000000000      0x228 /home/ngocdien110302/Ai-Thinker-LoRaWAN-Ra-08/drivers/crypto/lib/libcrypto.a(aes.o)
 .debug_abbrev  0x0000000000000228       0x14 /usr/lib/gcc/arm-none-eabi/10.3.1/thumb/v7e-m/nofp/libgcc.a(_arm_addsubdf3.o)
 .debug_abbrev  0x000000000000023c       0x14 /usr/lib/gcc/arm-none-eabi/10.3.1/thumb/v7e-m/nofp/libgcc.a(_arm_muldivdf3.o)
 .debug_abbrev  0x0000000000000250       0x14 /usr/lib/gcc/arm-none-eabi/10.3.1/thumb/v7e-m/nofp/libgcc.a(_arm_cmpdf2.o)
 .debug_abbrev  0x0000000000000264       0x14 /usr/lib/gcc/arm-none-eabi/10.3.1/thumb/v7e-m/nofp/libgcc.a(_arm_fixdfsi.o)
 .debug_abbrev  0x0000000000000278       0x14 /usr/lib/gcc/arm-none-eabi/10.3.1/thumb/v7e-m/nofp/libgcc.a(_arm_fixunsdfsi.o)
 .debug_abbrev  0x000000000000028c       0x14 /usr/lib/gcc/arm-none-eabi/10.3.1/thumb/v7e-m/nofp/libgcc.a(_aeabi_uldivmod.o)
 .debug_abbrev  0x00000000000002a0      0x101 /usr/lib/gcc/arm-none-eabi/10.3.1/thumb/v7e-m/nofp/libgcc.a(_fixunsdfdi.o)
 .debug_abbrev  0x00000000000003a1      0x163 /usr/lib/gcc/arm-none-eabi/10.3.1/thumb/v7e-m/nofp/libgcc.a(_udivmoddi4.o)
 .debug_abbrev  0x0000000000000504       0x14 /usr/lib/gcc/arm-none-eabi/10.3.1/thumb/v7e-m/nofp/libgcc.a(_dvmd_tls.o)
 .debug_abbrev  0x0000000000000518       0xb7 /usr/lib/gcc/arm-none-eabi/10.3.1/../../../arm-none-eabi/lib/thumb/v7e-m/nofp/libc.a(lib_a-atexit.o)
 .debug_abbrev  0x00000000000005cf       0xcf /usr/lib/gcc/arm-none-eabi/10.3.1/../../../arm-none-eabi/lib/thumb/v7e-m/nofp/libc.a(lib_a-fini.o)
 .debug_abbrev  0x000000000000069e      0x1b8 /usr/lib/gcc/arm-none-eabi/10.3.1/../../../arm-none-eabi/lib/thumb/v7e-m/nofp/libc.a(lib_a-impure.o)
 .debug_abbrev  0x0000000000000856       0xcc /usr/lib/gcc/arm-none-eabi/10.3.1/../../../arm-none-eabi/lib/thumb/v7e-m/nofp/libc.a(lib_a-init.o)
 .debug_abbrev  0x0000000000000922       0x14 /usr/lib/gcc/arm-none-eabi/10.3.1/../../../arm-none-eabi/lib/thumb/v7e-m/nofp/libc.a(lib_a-memcpy.o)
 .debug_abbrev  0x0000000000000936       0xb4 /usr/lib/gcc/arm-none-eabi/10.3.1/../../../arm-none-eabi/lib/thumb/v7e-m/nofp/libc.a(lib_a-memset.o)
 .debug_abbrev  0x00000000000009ea      0x23f /usr/lib/gcc/arm-none-eabi/10.3.1/../../../arm-none-eabi/lib/thumb/v7e-m/nofp/libc.a(lib_a-__atexit.o)
 .debug_abbrev  0x0000000000000c29      0x2b2 /usr/lib/gcc/arm-none-eabi/10.3.1/../../../arm-none-eabi/lib/thumb/v7e-m/nofp/libc.a(lib_a-__call_atexit.o)

.debug_loc      0x0000000000000000     0x188b
 .debug_loc     0x0000000000000000       0xe4 /home/ngocdien110302/Ai-Thinker-LoRaWAN-Ra-08/drivers/crypto/lib/libcrypto.a(aes.o)
 .debug_loc     0x00000000000000e4       0xad /usr/lib/gcc/arm-none-eabi/10.3.1/thumb/v7e-m/nofp/libgcc.a(_fixunsdfdi.o)
 .debug_loc     0x0000000000000191     0x1094 /usr/lib/gcc/arm-none-eabi/10.3.1/thumb/v7e-m/nofp/libgcc.a(_udivmoddi4.o)
 .debug_loc     0x0000000000001225       0x32 /usr/lib/gcc/arm-none-eabi/10.3.1/../../../arm-none-eabi/lib/thumb/v7e-m/nofp/libc.a(lib_a-atexit.o)
 .debug_loc     0x0000000000001257       0x68 /usr/lib/gcc/arm-none-eabi/10.3.1/../../../arm-none-eabi/lib/thumb/v7e-m/nofp/libc.a(lib_a-fini.o)
 .debug_loc     0x00000000000012bf       0xba /usr/lib/gcc/arm-none-eabi/10.3.1/../../../arm-none-eabi/lib/thumb/v7e-m/nofp/libc.a(lib_a-init.o)
 .debug_loc     0x0000000000001379      0x22c /usr/lib/gcc/arm-none-eabi/10.3.1/../../../arm-none-eabi/lib/thumb/v7e-m/nofp/libc.a(lib_a-memset.o)
 .debug_loc     0x00000000000015a5      0x138 /usr/lib/gcc/arm-none-eabi/10.3.1/../../../arm-none-eabi/lib/thumb/v7e-m/nofp/libc.a(lib_a-__atexit.o)
 .debug_loc     0x00000000000016dd      0x1ae /usr/lib/gcc/arm-none-eabi/10.3.1/../../../arm-none-eabi/lib/thumb/v7e-m/nofp/libc.a(lib_a-__call_atexit.o)

.debug_aranges  0x0000000000000000      0x240
 .debug_aranges
                0x0000000000000000       0x20 /home/ngocdien110302/Ai-Thinker-LoRaWAN-Ra-08/drivers/crypto/lib/libcrypto.a(aes.o)
 .debug_aranges
                0x0000000000000020       0x20 /usr/lib/gcc/arm-none-eabi/10.3.1/thumb/v7e-m/nofp/libgcc.a(_arm_addsubdf3.o)
 .debug_aranges
                0x0000000000000040       0x20 /usr/lib/gcc/arm-none-eabi/10.3.1/thumb/v7e-m/nofp/libgcc.a(_arm_muldivdf3.o)
 .debug_aranges
                0x0000000000000060       0x20 /usr/lib/gcc/arm-none-eabi/10.3.1/thumb/v7e-m/nofp/libgcc.a(_arm_cmpdf2.o)
 .debug_aranges
                0x0000000000000080       0x20 /usr/lib/gcc/arm-none-eabi/10.3.1/thumb/v7e-m/nofp/libgcc.a(_arm_fixdfsi.o)
 .debug_aranges
                0x00000000000000a0       0x20 /usr/lib/gcc/arm-none-eabi/10.3.1/thumb/v7e-m/nofp/libgcc.a(_arm_fixunsdfsi.o)
 .debug_aranges
                0x00000000000000c0       0x20 /usr/lib/gcc/arm-none-eabi/10.3.1/thumb/v7e-m/nofp/libgcc.a(_aeabi_uldivmod.o)
 .debug_aranges
                0x00000000000000e0       0x20 /usr/lib/gcc/arm-none-eabi/10.3.1/thumb/v7e-m/nofp/libgcc.a(_fixunsdfdi.o)
 .debug_aranges
                0x0000000000000100       0x20 /usr/lib/gcc/arm-none-eabi/10.3.1/thumb/v7e-m/nofp/libgcc.a(_udivmoddi4.o)
 .debug_aranges
                0x0000000000000120       0x20 /usr/lib/gcc/arm-none-eabi/10.3.1/thumb/v7e-m/nofp/libgcc.a(_dvmd_tls.o)
 .debug_aranges
                0x0000000000000140       0x20 /usr/lib/gcc/arm-none-eabi/10.3.1/../../../arm-none-eabi/lib/thumb/v7e-m/nofp/libc.a(lib_a-atexit.o)
 .debug_aranges
                0x0000000000000160       0x20 /usr/lib/gcc/arm-none-eabi/10.3.1/../../../arm-none-eabi/lib/thumb/v7e-m/nofp/libc.a(lib_a-fini.o)
 .debug_aranges
                0x0000000000000180       0x18 /usr/lib/gcc/arm-none-eabi/10.3.1/../../../arm-none-eabi/lib/thumb/v7e-m/nofp/libc.a(lib_a-impure.o)
 .debug_aranges
                0x0000000000000198       0x20 /usr/lib/gcc/arm-none-eabi/10.3.1/../../../arm-none-eabi/lib/thumb/v7e-m/nofp/libc.a(lib_a-init.o)
 .debug_aranges
                0x00000000000001b8       0x20 /usr/lib/gcc/arm-none-eabi/10.3.1/../../../arm-none-eabi/lib/thumb/v7e-m/nofp/libc.a(lib_a-memcpy.o)
 .debug_aranges
                0x00000000000001d8       0x20 /usr/lib/gcc/arm-none-eabi/10.3.1/../../../arm-none-eabi/lib/thumb/v7e-m/nofp/libc.a(lib_a-memset.o)
 .debug_aranges
                0x00000000000001f8       0x20 /usr/lib/gcc/arm-none-eabi/10.3.1/../../../arm-none-eabi/lib/thumb/v7e-m/nofp/libc.a(lib_a-__atexit.o)
 .debug_aranges
                0x0000000000000218       0x28 /usr/lib/gcc/arm-none-eabi/10.3.1/../../../arm-none-eabi/lib/thumb/v7e-m/nofp/libc.a(lib_a-__call_atexit.o)

.debug_line     0x0000000000000000     0x18cd
 .debug_line    0x0000000000000000      0x268 /home/ngocdien110302/Ai-Thinker-LoRaWAN-Ra-08/drivers/crypto/lib/libcrypto.a(aes.o)
 .debug_line    0x0000000000000268      0x186 /usr/lib/gcc/arm-none-eabi/10.3.1/thumb/v7e-m/nofp/libgcc.a(_arm_addsubdf3.o)
 .debug_line    0x00000000000003ee      0x19b /usr/lib/gcc/arm-none-eabi/10.3.1/thumb/v7e-m/nofp/libgcc.a(_arm_muldivdf3.o)
 .debug_line    0x0000000000000589       0xbd /usr/lib/gcc/arm-none-eabi/10.3.1/thumb/v7e-m/nofp/libgcc.a(_arm_cmpdf2.o)
 .debug_line    0x0000000000000646       0x79 /usr/lib/gcc/arm-none-eabi/10.3.1/thumb/v7e-m/nofp/libgcc.a(_arm_fixdfsi.o)
 .debug_line    0x00000000000006bf       0x75 /usr/lib/gcc/arm-none-eabi/10.3.1/thumb/v7e-m/nofp/libgcc.a(_arm_fixunsdfsi.o)
 .debug_line    0x0000000000000734       0x60 /usr/lib/gcc/arm-none-eabi/10.3.1/thumb/v7e-m/nofp/libgcc.a(_aeabi_uldivmod.o)
 .debug_line    0x0000000000000794       0xad /usr/lib/gcc/arm-none-eabi/10.3.1/thumb/v7e-m/nofp/libgcc.a(_fixunsdfdi.o)
 .debug_line    0x0000000000000841      0x5b4 /usr/lib/gcc/arm-none-eabi/10.3.1/thumb/v7e-m/nofp/libgcc.a(_udivmoddi4.o)
 .debug_line    0x0000000000000df5       0x60 /usr/lib/gcc/arm-none-eabi/10.3.1/thumb/v7e-m/nofp/libgcc.a(_dvmd_tls.o)
 .debug_line    0x0000000000000e55       0xc0 /usr/lib/gcc/arm-none-eabi/10.3.1/../../../arm-none-eabi/lib/thumb/v7e-m/nofp/libc.a(lib_a-atexit.o)
 .debug_line    0x0000000000000f15       0xed /usr/lib/gcc/arm-none-eabi/10.3.1/../../../arm-none-eabi/lib/thumb/v7e-m/nofp/libc.a(lib_a-fini.o)
 .debug_line    0x0000000000001002       0xe4 /usr/lib/gcc/arm-none-eabi/10.3.1/../../../arm-none-eabi/lib/thumb/v7e-m/nofp/libc.a(lib_a-impure.o)
 .debug_line    0x00000000000010e6      0x138 /usr/lib/gcc/arm-none-eabi/10.3.1/../../../arm-none-eabi/lib/thumb/v7e-m/nofp/libc.a(lib_a-init.o)
 .debug_line    0x000000000000121e       0xbe /usr/lib/gcc/arm-none-eabi/10.3.1/../../../arm-none-eabi/lib/thumb/v7e-m/nofp/libc.a(lib_a-memcpy.o)
 .debug_line    0x00000000000012dc      0x1bf /usr/lib/gcc/arm-none-eabi/10.3.1/../../../arm-none-eabi/lib/thumb/v7e-m/nofp/libc.a(lib_a-memset.o)
 .debug_line    0x000000000000149b      0x19e /usr/lib/gcc/arm-none-eabi/10.3.1/../../../arm-none-eabi/lib/thumb/v7e-m/nofp/libc.a(lib_a-__atexit.o)
 .debug_line    0x0000000000001639      0x294 /usr/lib/gcc/arm-none-eabi/10.3.1/../../../arm-none-eabi/lib/thumb/v7e-m/nofp/libc.a(lib_a-__call_atexit.o)

.debug_str      0x0000000000000000     0x1370
 .debug_str     0x0000000000000000      0x6db /home/ngocdien110302/Ai-Thinker-LoRaWAN-Ra-08/drivers/crypto/lib/libcrypto.a(aes.o)
                                        0x74e (size before relaxing)
 .debug_str     0x00000000000006db       0xa8 /usr/lib/gcc/arm-none-eabi/10.3.1/thumb/v7e-m/nofp/libgcc.a(_arm_addsubdf3.o)
 .debug_str     0x0000000000000783       0xa8 /usr/lib/gcc/arm-none-eabi/10.3.1/thumb/v7e-m/nofp/libgcc.a(_arm_muldivdf3.o)
 .debug_str     0x0000000000000783       0xa8 /usr/lib/gcc/arm-none-eabi/10.3.1/thumb/v7e-m/nofp/libgcc.a(_arm_cmpdf2.o)
 .debug_str     0x0000000000000783       0xa8 /usr/lib/gcc/arm-none-eabi/10.3.1/thumb/v7e-m/nofp/libgcc.a(_arm_fixdfsi.o)